[2024-05-02T03:09:35.227+0000][gc,heap] Heap region size: 1M
[2024-05-02T03:09:35.240+0000][gc     ] Using G1
[2024-05-02T03:09:35.240+0000][gc,heap,coops] Heap address: 0x00000000c0000000, size: 1024 MB, Compressed Oops mode: 32-bit
[2024-05-02T03:09:35.241+0000][gc,cds       ] Mark closed archive regions in map: [0x00000000fff00000, 0x00000000fff6aff8]
[2024-05-02T03:09:35.241+0000][gc,cds       ] Mark open archive regions in map: [0x00000000ffe00000, 0x00000000ffe46ff8]
[2024-05-02T03:09:37.953+0000][gc,start     ] GC(0) Pause Young (Normal) (G1 Evacuation Pause)
[2024-05-02T03:09:37.953+0000][gc,task      ] GC(0) Using 1 workers of 1 for evacuation
[2024-05-02T03:09:38.005+0000][gc,mmu       ] GC(0) MMU target violated: 21.0ms (20.0ms/21.0ms)
[2024-05-02T03:09:38.005+0000][gc,phases    ] GC(0)   Pre Evacuate Collection Set: 0.0ms
[2024-05-02T03:09:38.005+0000][gc,phases    ] GC(0)   Evacuate Collection Set: 50.7ms
[2024-05-02T03:09:38.005+0000][gc,phases    ] GC(0)   Post Evacuate Collection Set: 0.5ms
[2024-05-02T03:09:38.005+0000][gc,phases    ] GC(0)   Other: 0.2ms
[2024-05-02T03:09:38.005+0000][gc,heap      ] GC(0) Eden regions: 51->0(44)
[2024-05-02T03:09:38.005+0000][gc,heap      ] GC(0) Survivor regions: 0->7(7)
[2024-05-02T03:09:38.005+0000][gc,heap      ] GC(0) Old regions: 2->2
[2024-05-02T03:09:38.005+0000][gc,heap      ] GC(0) Humongous regions: 0->0
[2024-05-02T03:09:38.005+0000][gc,metaspace ] GC(0) Metaspace: 15620K->15620K(1062912K)
[2024-05-02T03:09:38.005+0000][gc           ] GC(0) Pause Young (Normal) (G1 Evacuation Pause) 51M->7M(1024M) 51.623ms
[2024-05-02T03:09:38.005+0000][gc,cpu       ] GC(0) User=0.02s Sys=0.00s Real=0.05s
[2024-05-02T03:09:39.118+0000][gc,start     ] GC(1) Pause Young (Concurrent Start) (Metadata GC Threshold)
[2024-05-02T03:09:39.118+0000][gc,task      ] GC(1) Using 1 workers of 1 for evacuation
[2024-05-02T03:09:39.198+0000][gc,mmu       ] GC(1) MMU target violated: 21.0ms (20.0ms/21.0ms)
[2024-05-02T03:09:39.198+0000][gc,phases    ] GC(1)   Pre Evacuate Collection Set: 0.1ms
[2024-05-02T03:09:39.198+0000][gc,phases    ] GC(1)   Evacuate Collection Set: 80.2ms
[2024-05-02T03:09:39.198+0000][gc,phases    ] GC(1)   Post Evacuate Collection Set: 0.4ms
[2024-05-02T03:09:39.198+0000][gc,phases    ] GC(1)   Other: 0.3ms
[2024-05-02T03:09:39.198+0000][gc,heap      ] GC(1) Eden regions: 20->0(50)
[2024-05-02T03:09:39.198+0000][gc,heap      ] GC(1) Survivor regions: 7->1(7)
[2024-05-02T03:09:39.199+0000][gc,heap      ] GC(1) Old regions: 2->9
[2024-05-02T03:09:39.199+0000][gc,heap      ] GC(1) Humongous regions: 0->0
[2024-05-02T03:09:39.199+0000][gc,metaspace ] GC(1) Metaspace: 20610K->20610K(1067008K)
[2024-05-02T03:09:39.199+0000][gc           ] GC(1) Pause Young (Concurrent Start) (Metadata GC Threshold) 26M->8M(1024M) 80.988ms
[2024-05-02T03:09:39.199+0000][gc,cpu       ] GC(1) User=0.03s Sys=0.01s Real=0.08s
[2024-05-02T03:09:39.201+0000][gc           ] GC(2) Concurrent Cycle
[2024-05-02T03:09:39.202+0000][gc,marking   ] GC(2) Concurrent Clear Claimed Marks
[2024-05-02T03:09:39.202+0000][gc,marking   ] GC(2) Concurrent Clear Claimed Marks 0.072ms
[2024-05-02T03:09:39.202+0000][gc,marking   ] GC(2) Concurrent Scan Root Regions
[2024-05-02T03:09:39.210+0000][gc,marking   ] GC(2) Concurrent Scan Root Regions 7.958ms
[2024-05-02T03:09:39.210+0000][gc,marking   ] GC(2) Concurrent Mark (3.987s)
[2024-05-02T03:09:39.210+0000][gc,marking   ] GC(2) Concurrent Mark From Roots
[2024-05-02T03:09:39.210+0000][gc,task      ] GC(2) Using 1 workers of 1 for marking
[2024-05-02T03:09:39.272+0000][gc,marking   ] GC(2) Concurrent Mark From Roots 62.679ms
[2024-05-02T03:09:39.272+0000][gc,marking   ] GC(2) Concurrent Preclean
[2024-05-02T03:09:39.272+0000][gc,marking   ] GC(2) Concurrent Preclean 0.086ms
[2024-05-02T03:09:39.272+0000][gc,marking   ] GC(2) Concurrent Mark (3.987s, 4.050s) 62.821ms
[2024-05-02T03:09:39.272+0000][gc,start     ] GC(2) Pause Remark
[2024-05-02T03:09:39.281+0000][gc,stringtable] GC(2) Cleaned string and symbol table, strings: 5070 processed, 0 removed, symbols: 50841 processed, 57 removed
[2024-05-02T03:09:39.283+0000][gc            ] GC(2) Pause Remark 8M->8M(1024M) 10.408ms
[2024-05-02T03:09:39.283+0000][gc,cpu        ] GC(2) User=0.01s Sys=0.00s Real=0.01s
[2024-05-02T03:09:39.283+0000][gc,marking    ] GC(2) Concurrent Rebuild Remembered Sets
[2024-05-02T03:09:39.313+0000][gc,marking    ] GC(2) Concurrent Rebuild Remembered Sets 29.616ms
[2024-05-02T03:09:39.313+0000][gc,start      ] GC(2) Pause Cleanup
[2024-05-02T03:09:39.313+0000][gc            ] GC(2) Pause Cleanup 9M->9M(1024M) 0.261ms
[2024-05-02T03:09:39.313+0000][gc,cpu        ] GC(2) User=0.00s Sys=0.00s Real=0.00s
[2024-05-02T03:09:39.313+0000][gc,marking    ] GC(2) Concurrent Cleanup for Next Mark
[2024-05-02T03:09:39.375+0000][gc,marking    ] GC(2) Concurrent Cleanup for Next Mark 61.605ms
[2024-05-02T03:09:39.375+0000][gc            ] GC(2) Concurrent Cycle 173.432ms
[2024-05-02T03:09:42.286+0000][gc,start      ] GC(3) Pause Young (Normal) (G1 Evacuation Pause)
[2024-05-02T03:09:42.286+0000][gc,task       ] GC(3) Using 1 workers of 1 for evacuation
[2024-05-02T03:09:42.312+0000][gc,mmu        ] GC(3) MMU target violated: 21.0ms (20.0ms/21.0ms)
[2024-05-02T03:09:42.313+0000][gc,phases     ] GC(3)   Pre Evacuate Collection Set: 0.1ms
[2024-05-02T03:09:42.313+0000][gc,phases     ] GC(3)   Evacuate Collection Set: 25.5ms
[2024-05-02T03:09:42.313+0000][gc,phases     ] GC(3)   Post Evacuate Collection Set: 0.4ms
[2024-05-02T03:09:42.313+0000][gc,phases     ] GC(3)   Other: 0.2ms
[2024-05-02T03:09:42.313+0000][gc,heap       ] GC(3) Eden regions: 50->0(47)
[2024-05-02T03:09:42.313+0000][gc,heap       ] GC(3) Survivor regions: 1->4(7)
[2024-05-02T03:09:42.313+0000][gc,heap       ] GC(3) Old regions: 9->9
[2024-05-02T03:09:42.313+0000][gc,heap       ] GC(3) Humongous regions: 129->129
[2024-05-02T03:09:42.313+0000][gc,metaspace  ] GC(3) Metaspace: 29447K->29447K(1075200K)
[2024-05-02T03:09:42.313+0000][gc            ] GC(3) Pause Young (Normal) (G1 Evacuation Pause) 187M->140M(1024M) 26.234ms
[2024-05-02T03:09:42.313+0000][gc,cpu        ] GC(3) User=0.02s Sys=0.00s Real=0.03s
[2024-05-02T03:09:43.224+0000][gc,start      ] GC(4) Pause Young (Concurrent Start) (Metadata GC Threshold)
[2024-05-02T03:09:43.224+0000][gc,task       ] GC(4) Using 1 workers of 1 for evacuation
[2024-05-02T03:09:43.242+0000][gc,phases     ] GC(4)   Pre Evacuate Collection Set: 0.1ms
[2024-05-02T03:09:43.242+0000][gc,phases     ] GC(4)   Evacuate Collection Set: 17.2ms
[2024-05-02T03:09:43.242+0000][gc,phases     ] GC(4)   Post Evacuate Collection Set: 0.3ms
[2024-05-02T03:09:43.242+0000][gc,phases     ] GC(4)   Other: 0.3ms
[2024-05-02T03:09:43.242+0000][gc,heap       ] GC(4) Eden regions: 26->0(46)
[2024-05-02T03:09:43.242+0000][gc,heap       ] GC(4) Survivor regions: 4->5(7)
[2024-05-02T03:09:43.242+0000][gc,heap       ] GC(4) Old regions: 9->9
[2024-05-02T03:09:43.242+0000][gc,heap       ] GC(4) Humongous regions: 129->129
[2024-05-02T03:09:43.242+0000][gc,metaspace  ] GC(4) Metaspace: 34605K->34605K(1081344K)
[2024-05-02T03:09:43.242+0000][gc            ] GC(4) Pause Young (Concurrent Start) (Metadata GC Threshold) 166M->141M(1024M) 18.074ms
[2024-05-02T03:09:43.242+0000][gc,cpu        ] GC(4) User=0.02s Sys=0.00s Real=0.02s
[2024-05-02T03:09:43.242+0000][gc            ] GC(5) Concurrent Cycle
[2024-05-02T03:09:43.242+0000][gc,marking    ] GC(5) Concurrent Clear Claimed Marks
[2024-05-02T03:09:43.243+0000][gc,marking    ] GC(5) Concurrent Clear Claimed Marks 0.114ms
[2024-05-02T03:09:43.243+0000][gc,marking    ] GC(5) Concurrent Scan Root Regions
[2024-05-02T03:09:43.266+0000][gc,marking    ] GC(5) Concurrent Scan Root Regions 23.897ms
[2024-05-02T03:09:43.267+0000][gc,marking    ] GC(5) Concurrent Mark (8.044s)
[2024-05-02T03:09:43.267+0000][gc,marking    ] GC(5) Concurrent Mark From Roots
[2024-05-02T03:09:43.267+0000][gc,task       ] GC(5) Using 1 workers of 1 for marking
[2024-05-02T03:09:43.327+0000][gc,marking    ] GC(5) Concurrent Mark From Roots 60.622ms
[2024-05-02T03:09:43.327+0000][gc,marking    ] GC(5) Concurrent Preclean
[2024-05-02T03:09:43.327+0000][gc,marking    ] GC(5) Concurrent Preclean 0.067ms
[2024-05-02T03:09:43.327+0000][gc,marking    ] GC(5) Concurrent Mark (8.044s, 8.105s) 60.755ms
[2024-05-02T03:09:43.336+0000][gc,start      ] GC(5) Pause Remark
[2024-05-02T03:09:43.343+0000][gc,stringtable] GC(5) Cleaned string and symbol table, strings: 10484 processed, 11 removed, symbols: 84288 processed, 17 removed
[2024-05-02T03:09:43.346+0000][gc            ] GC(5) Pause Remark 145M->145M(1024M) 9.772ms
[2024-05-02T03:09:43.346+0000][gc,cpu        ] GC(5) User=0.01s Sys=0.00s Real=0.01s
[2024-05-02T03:09:43.346+0000][gc,marking    ] GC(5) Concurrent Rebuild Remembered Sets
[2024-05-02T03:09:43.352+0000][gc,marking    ] GC(5) Concurrent Rebuild Remembered Sets 5.765ms
[2024-05-02T03:09:43.352+0000][gc,start      ] GC(5) Pause Cleanup
[2024-05-02T03:09:43.352+0000][gc            ] GC(5) Pause Cleanup 145M->145M(1024M) 0.205ms
[2024-05-02T03:09:43.352+0000][gc,cpu        ] GC(5) User=0.00s Sys=0.00s Real=0.00s
[2024-05-02T03:09:43.352+0000][gc,marking    ] GC(5) Concurrent Cleanup for Next Mark
[2024-05-02T03:09:43.399+0000][gc,marking    ] GC(5) Concurrent Cleanup for Next Mark 47.335ms
[2024-05-02T03:09:43.399+0000][gc            ] GC(5) Concurrent Cycle 156.919ms
[2024-05-02T03:12:30.404+0000][gc,start      ] GC(6) Pause Young (Concurrent Start) (G1 Evacuation Pause)
[2024-05-02T03:12:30.404+0000][gc,task       ] GC(6) Using 1 workers of 1 for evacuation
[2024-05-02T03:12:30.442+0000][gc,mmu        ] GC(6) MMU target violated: 21.0ms (20.0ms/21.0ms)
[2024-05-02T03:12:30.443+0000][gc,phases     ] GC(6)   Pre Evacuate Collection Set: 0.3ms
[2024-05-02T03:12:30.443+0000][gc,phases     ] GC(6)   Evacuate Collection Set: 36.7ms
[2024-05-02T03:12:30.443+0000][gc,phases     ] GC(6)   Post Evacuate Collection Set: 0.6ms
[2024-05-02T03:12:30.443+0000][gc,phases     ] GC(6)   Other: 0.6ms
[2024-05-02T03:12:30.443+0000][gc,heap       ] GC(6) Eden regions: 46->0(46)
[2024-05-02T03:12:30.443+0000][gc,heap       ] GC(6) Survivor regions: 5->5(7)
[2024-05-02T03:12:30.443+0000][gc,heap       ] GC(6) Old regions: 9->13
[2024-05-02T03:12:30.443+0000][gc,heap       ] GC(6) Humongous regions: 129->129
[2024-05-02T03:12:30.443+0000][gc,metaspace  ] GC(6) Metaspace: 41644K->41644K(1087488K)
[2024-05-02T03:12:30.443+0000][gc            ] GC(6) Pause Young (Concurrent Start) (G1 Evacuation Pause) 187M->144M(1024M) 38.192ms
[2024-05-02T03:12:30.443+0000][gc,cpu        ] GC(6) User=0.04s Sys=0.00s Real=0.04s
[2024-05-02T03:12:30.443+0000][gc            ] GC(7) Concurrent Cycle
[2024-05-02T03:12:30.443+0000][gc,marking    ] GC(7) Concurrent Clear Claimed Marks
[2024-05-02T03:12:30.443+0000][gc,marking    ] GC(7) Concurrent Clear Claimed Marks 0.204ms
[2024-05-02T03:12:30.443+0000][gc,marking    ] GC(7) Concurrent Scan Root Regions
[2024-05-02T03:12:30.458+0000][gc,marking    ] GC(7) Concurrent Scan Root Regions 15.332ms
[2024-05-02T03:12:30.458+0000][gc,marking    ] GC(7) Concurrent Mark (175.236s)
[2024-05-02T03:12:30.458+0000][gc,marking    ] GC(7) Concurrent Mark From Roots
[2024-05-02T03:12:30.458+0000][gc,task       ] GC(7) Using 1 workers of 1 for marking
[2024-05-02T03:12:30.518+0000][gc,marking    ] GC(7) Concurrent Mark From Roots 59.266ms
[2024-05-02T03:12:30.518+0000][gc,marking    ] GC(7) Concurrent Preclean
[2024-05-02T03:12:30.518+0000][gc,marking    ] GC(7) Concurrent Preclean 0.074ms
[2024-05-02T03:12:30.518+0000][gc,marking    ] GC(7) Concurrent Mark (175.236s, 175.295s) 59.393ms
[2024-05-02T03:12:30.525+0000][gc,start      ] GC(7) Pause Remark
[2024-05-02T03:12:30.541+0000][gc,stringtable] GC(7) Cleaned string and symbol table, strings: 11809 processed, 2 removed, symbols: 91349 processed, 5 removed
[2024-05-02T03:12:30.541+0000][gc            ] GC(7) Pause Remark 146M->146M(1024M) 15.765ms
[2024-05-02T03:12:30.541+0000][gc,cpu        ] GC(7) User=0.02s Sys=0.00s Real=0.02s
[2024-05-02T03:12:30.541+0000][gc,marking    ] GC(7) Concurrent Rebuild Remembered Sets
[2024-05-02T03:12:30.560+0000][gc,marking    ] GC(7) Concurrent Rebuild Remembered Sets 18.628ms
[2024-05-02T03:12:30.560+0000][gc,start      ] GC(7) Pause Cleanup
[2024-05-02T03:12:30.560+0000][gc            ] GC(7) Pause Cleanup 146M->146M(1024M) 0.237ms
[2024-05-02T03:12:30.560+0000][gc,cpu        ] GC(7) User=0.00s Sys=0.00s Real=0.00s
[2024-05-02T03:12:30.560+0000][gc,marking    ] GC(7) Concurrent Cleanup for Next Mark
[2024-05-02T03:12:30.564+0000][gc,marking    ] GC(7) Concurrent Cleanup for Next Mark 3.593ms
[2024-05-02T03:12:30.564+0000][gc            ] GC(7) Concurrent Cycle 121.169ms
[2024-05-02T03:18:37.548+0000][gc,heap,exit  ] Heap
[2024-05-02T03:18:37.548+0000][gc,heap,exit  ]  garbage-first heap   total 1048576K, used 185758K [0x00000000c0000000, 0x0000000100000000)
[2024-05-02T03:18:37.548+0000][gc,heap,exit  ]   region size 1024K, 44 young (45056K), 5 survivors (5120K)
[2024-05-02T03:18:37.548+0000][gc,heap,exit  ]  Metaspace       used 44638K, capacity 47458K, committed 47568K, reserved 1089536K
[2024-05-02T03:18:37.548+0000][gc,heap,exit  ]   class space    used 6195K, capacity 7581K, committed 7632K, reserved 1048576K
