[2024-05-02T03:28:17.982+0000][gc,heap] Heap region size: 1M
[2024-05-02T03:28:17.995+0000][gc     ] Using G1
[2024-05-02T03:28:17.995+0000][gc,heap,coops] Heap address: 0x00000000c0000000, size: 1024 MB, Compressed Oops mode: 32-bit
[2024-05-02T03:28:17.996+0000][gc,cds       ] Mark closed archive regions in map: [0x00000000fff00000, 0x00000000fff6aff8]
[2024-05-02T03:28:17.996+0000][gc,cds       ] Mark open archive regions in map: [0x00000000ffe00000, 0x00000000ffe46ff8]
[2024-05-02T03:28:20.046+0000][gc,start     ] GC(0) Pause Young (Normal) (G1 Evacuation Pause)
[2024-05-02T03:28:20.046+0000][gc,task      ] GC(0) Using 1 workers of 1 for evacuation
[2024-05-02T03:28:20.072+0000][gc,mmu       ] GC(0) MMU target violated: 21.0ms (20.0ms/21.0ms)
[2024-05-02T03:28:20.072+0000][gc,phases    ] GC(0)   Pre Evacuate Collection Set: 0.0ms
[2024-05-02T03:28:20.072+0000][gc,phases    ] GC(0)   Evacuate Collection Set: 24.4ms
[2024-05-02T03:28:20.072+0000][gc,phases    ] GC(0)   Post Evacuate Collection Set: 1.3ms
[2024-05-02T03:28:20.072+0000][gc,phases    ] GC(0)   Other: 0.2ms
[2024-05-02T03:28:20.072+0000][gc,heap      ] GC(0) Eden regions: 51->0(44)
[2024-05-02T03:28:20.072+0000][gc,heap      ] GC(0) Survivor regions: 0->7(7)
[2024-05-02T03:28:20.072+0000][gc,heap      ] GC(0) Old regions: 2->2
[2024-05-02T03:28:20.072+0000][gc,heap      ] GC(0) Humongous regions: 0->0
[2024-05-02T03:28:20.072+0000][gc,metaspace ] GC(0) Metaspace: 15623K->15623K(1062912K)
[2024-05-02T03:28:20.072+0000][gc           ] GC(0) Pause Young (Normal) (G1 Evacuation Pause) 51M->7M(1024M) 26.017ms
[2024-05-02T03:28:20.072+0000][gc,cpu       ] GC(0) User=0.02s Sys=0.01s Real=0.02s
[2024-05-02T03:28:20.673+0000][gc,start     ] GC(1) Pause Young (Concurrent Start) (Metadata GC Threshold)
[2024-05-02T03:28:20.673+0000][gc,task      ] GC(1) Using 1 workers of 1 for evacuation
[2024-05-02T03:28:20.699+0000][gc,mmu       ] GC(1) MMU target violated: 21.0ms (20.0ms/21.0ms)
[2024-05-02T03:28:20.699+0000][gc,phases    ] GC(1)   Pre Evacuate Collection Set: 0.1ms
[2024-05-02T03:28:20.699+0000][gc,phases    ] GC(1)   Evacuate Collection Set: 25.4ms
[2024-05-02T03:28:20.699+0000][gc,phases    ] GC(1)   Post Evacuate Collection Set: 0.3ms
[2024-05-02T03:28:20.699+0000][gc,phases    ] GC(1)   Other: 0.3ms
[2024-05-02T03:28:20.699+0000][gc,heap      ] GC(1) Eden regions: 21->0(50)
[2024-05-02T03:28:20.699+0000][gc,heap      ] GC(1) Survivor regions: 7->1(7)
[2024-05-02T03:28:20.699+0000][gc,heap      ] GC(1) Old regions: 2->9
[2024-05-02T03:28:20.699+0000][gc,heap      ] GC(1) Humongous regions: 0->0
[2024-05-02T03:28:20.699+0000][gc,metaspace ] GC(1) Metaspace: 20633K->20633K(1067008K)
[2024-05-02T03:28:20.699+0000][gc           ] GC(1) Pause Young (Concurrent Start) (Metadata GC Threshold) 27M->8M(1024M) 26.090ms
[2024-05-02T03:28:20.699+0000][gc,cpu       ] GC(1) User=0.02s Sys=0.00s Real=0.02s
[2024-05-02T03:28:20.699+0000][gc           ] GC(2) Concurrent Cycle
[2024-05-02T03:28:20.699+0000][gc,marking   ] GC(2) Concurrent Clear Claimed Marks
[2024-05-02T03:28:20.699+0000][gc,marking   ] GC(2) Concurrent Clear Claimed Marks 0.048ms
[2024-05-02T03:28:20.699+0000][gc,marking   ] GC(2) Concurrent Scan Root Regions
[2024-05-02T03:28:20.701+0000][gc,marking   ] GC(2) Concurrent Scan Root Regions 1.977ms
[2024-05-02T03:28:20.701+0000][gc,marking   ] GC(2) Concurrent Mark (2.723s)
[2024-05-02T03:28:20.701+0000][gc,marking   ] GC(2) Concurrent Mark From Roots
[2024-05-02T03:28:20.701+0000][gc,task      ] GC(2) Using 1 workers of 1 for marking
[2024-05-02T03:28:20.724+0000][gc,marking   ] GC(2) Concurrent Mark From Roots 22.370ms
[2024-05-02T03:28:20.724+0000][gc,marking   ] GC(2) Concurrent Preclean
[2024-05-02T03:28:20.724+0000][gc,marking   ] GC(2) Concurrent Preclean 0.073ms
[2024-05-02T03:28:20.724+0000][gc,marking   ] GC(2) Concurrent Mark (2.723s, 2.746s) 22.493ms
[2024-05-02T03:28:20.724+0000][gc,start     ] GC(2) Pause Remark
[2024-05-02T03:28:20.728+0000][gc,stringtable] GC(2) Cleaned string and symbol table, strings: 5162 processed, 0 removed, symbols: 51356 processed, 59 removed
[2024-05-02T03:28:20.729+0000][gc            ] GC(2) Pause Remark 9M->9M(1024M) 4.499ms
[2024-05-02T03:28:20.729+0000][gc,cpu        ] GC(2) User=0.00s Sys=0.00s Real=0.00s
[2024-05-02T03:28:20.729+0000][gc,marking    ] GC(2) Concurrent Rebuild Remembered Sets
[2024-05-02T03:28:20.736+0000][gc,marking    ] GC(2) Concurrent Rebuild Remembered Sets 7.361ms
[2024-05-02T03:28:20.736+0000][gc,start      ] GC(2) Pause Cleanup
[2024-05-02T03:28:20.736+0000][gc            ] GC(2) Pause Cleanup 9M->9M(1024M) 0.254ms
[2024-05-02T03:28:20.736+0000][gc,cpu        ] GC(2) User=0.00s Sys=0.00s Real=0.00s
[2024-05-02T03:28:20.736+0000][gc,marking    ] GC(2) Concurrent Cleanup for Next Mark
[2024-05-02T03:28:20.783+0000][gc,marking    ] GC(2) Concurrent Cleanup for Next Mark 46.953ms
[2024-05-02T03:28:20.783+0000][gc            ] GC(2) Concurrent Cycle 84.043ms
[2024-05-02T03:28:22.008+0000][gc,start      ] GC(3) Pause Young (Normal) (G1 Evacuation Pause)
[2024-05-02T03:28:22.008+0000][gc,task       ] GC(3) Using 1 workers of 1 for evacuation
[2024-05-02T03:28:22.021+0000][gc,phases     ] GC(3)   Pre Evacuate Collection Set: 0.0ms
[2024-05-02T03:28:22.021+0000][gc,phases     ] GC(3)   Evacuate Collection Set: 12.7ms
[2024-05-02T03:28:22.021+0000][gc,phases     ] GC(3)   Post Evacuate Collection Set: 0.3ms
[2024-05-02T03:28:22.021+0000][gc,phases     ] GC(3)   Other: 0.2ms
[2024-05-02T03:28:22.021+0000][gc,heap       ] GC(3) Eden regions: 50->0(47)
[2024-05-02T03:28:22.021+0000][gc,heap       ] GC(3) Survivor regions: 1->4(7)
[2024-05-02T03:28:22.021+0000][gc,heap       ] GC(3) Old regions: 9->9
[2024-05-02T03:28:22.021+0000][gc,heap       ] GC(3) Humongous regions: 129->129
[2024-05-02T03:28:22.021+0000][gc,metaspace  ] GC(3) Metaspace: 29441K->29441K(1075200K)
[2024-05-02T03:28:22.021+0000][gc            ] GC(3) Pause Young (Normal) (G1 Evacuation Pause) 187M->140M(1024M) 13.259ms
[2024-05-02T03:28:22.021+0000][gc,cpu        ] GC(3) User=0.01s Sys=0.00s Real=0.02s
[2024-05-02T03:28:22.692+0000][gc,start      ] GC(4) Pause Young (Concurrent Start) (Metadata GC Threshold)
[2024-05-02T03:28:22.692+0000][gc,task       ] GC(4) Using 1 workers of 1 for evacuation
[2024-05-02T03:28:22.720+0000][gc,mmu        ] GC(4) MMU target violated: 21.0ms (20.0ms/21.0ms)
[2024-05-02T03:28:22.720+0000][gc,phases     ] GC(4)   Pre Evacuate Collection Set: 0.1ms
[2024-05-02T03:28:22.720+0000][gc,phases     ] GC(4)   Evacuate Collection Set: 27.4ms
[2024-05-02T03:28:22.720+0000][gc,phases     ] GC(4)   Post Evacuate Collection Set: 0.3ms
[2024-05-02T03:28:22.720+0000][gc,phases     ] GC(4)   Other: 0.3ms
[2024-05-02T03:28:22.720+0000][gc,heap       ] GC(4) Eden regions: 25->0(45)
[2024-05-02T03:28:22.720+0000][gc,heap       ] GC(4) Survivor regions: 4->6(7)
[2024-05-02T03:28:22.720+0000][gc,heap       ] GC(4) Old regions: 9->10
[2024-05-02T03:28:22.720+0000][gc,heap       ] GC(4) Humongous regions: 129->129
[2024-05-02T03:28:22.720+0000][gc,metaspace  ] GC(4) Metaspace: 34712K->34712K(1081344K)
[2024-05-02T03:28:22.720+0000][gc            ] GC(4) Pause Young (Concurrent Start) (Metadata GC Threshold) 165M->142M(1024M) 28.165ms
[2024-05-02T03:28:22.720+0000][gc,cpu        ] GC(4) User=0.02s Sys=0.00s Real=0.03s
[2024-05-02T03:28:22.720+0000][gc            ] GC(5) Concurrent Cycle
[2024-05-02T03:28:22.720+0000][gc,marking    ] GC(5) Concurrent Clear Claimed Marks
[2024-05-02T03:28:22.720+0000][gc,marking    ] GC(5) Concurrent Clear Claimed Marks 0.104ms
[2024-05-02T03:28:22.720+0000][gc,marking    ] GC(5) Concurrent Scan Root Regions
[2024-05-02T03:28:22.746+0000][gc,marking    ] GC(5) Concurrent Scan Root Regions 25.476ms
[2024-05-02T03:28:22.746+0000][gc,marking    ] GC(5) Concurrent Mark (4.767s)
[2024-05-02T03:28:22.746+0000][gc,marking    ] GC(5) Concurrent Mark From Roots
[2024-05-02T03:28:22.746+0000][gc,task       ] GC(5) Using 1 workers of 1 for marking
[2024-05-02T03:28:22.829+0000][gc,marking    ] GC(5) Concurrent Mark From Roots 83.016ms
[2024-05-02T03:28:22.829+0000][gc,marking    ] GC(5) Concurrent Preclean
[2024-05-02T03:28:22.829+0000][gc,marking    ] GC(5) Concurrent Preclean 0.072ms
[2024-05-02T03:28:22.829+0000][gc,marking    ] GC(5) Concurrent Mark (4.767s, 4.851s) 83.148ms
[2024-05-02T03:28:22.832+0000][gc,start      ] GC(5) Pause Remark
[2024-05-02T03:28:22.842+0000][gc,stringtable] GC(5) Cleaned string and symbol table, strings: 10634 processed, 12 removed, symbols: 84527 processed, 16 removed
[2024-05-02T03:28:22.842+0000][gc            ] GC(5) Pause Remark 147M->147M(1024M) 10.221ms
[2024-05-02T03:28:22.842+0000][gc,cpu        ] GC(5) User=0.01s Sys=0.00s Real=0.02s
[2024-05-02T03:28:22.843+0000][gc,marking    ] GC(5) Concurrent Rebuild Remembered Sets
[2024-05-02T03:28:22.880+0000][gc,marking    ] GC(5) Concurrent Rebuild Remembered Sets 37.379ms
[2024-05-02T03:28:22.885+0000][gc,start      ] GC(5) Pause Cleanup
[2024-05-02T03:28:22.886+0000][gc            ] GC(5) Pause Cleanup 148M->148M(1024M) 0.237ms
[2024-05-02T03:28:22.886+0000][gc,cpu        ] GC(5) User=0.00s Sys=0.00s Real=0.00s
[2024-05-02T03:28:22.886+0000][gc,marking    ] GC(5) Concurrent Cleanup for Next Mark
[2024-05-02T03:28:22.939+0000][gc,marking    ] GC(5) Concurrent Cleanup for Next Mark 53.883ms
[2024-05-02T03:28:22.940+0000][gc            ] GC(5) Concurrent Cycle 219.492ms
[2024-05-02T03:31:02.734+0000][gc,start      ] GC(6) Pause Young (Concurrent Start) (G1 Evacuation Pause)
[2024-05-02T03:31:02.734+0000][gc,task       ] GC(6) Using 1 workers of 1 for evacuation
[2024-05-02T03:31:02.823+0000][gc,mmu        ] GC(6) MMU target violated: 21.0ms (20.0ms/21.0ms)
[2024-05-02T03:31:02.823+0000][gc,phases     ] GC(6)   Pre Evacuate Collection Set: 0.3ms
[2024-05-02T03:31:02.823+0000][gc,phases     ] GC(6)   Evacuate Collection Set: 86.9ms
[2024-05-02T03:31:02.823+0000][gc,phases     ] GC(6)   Post Evacuate Collection Set: 0.6ms
[2024-05-02T03:31:02.823+0000][gc,phases     ] GC(6)   Other: 0.5ms
[2024-05-02T03:31:02.823+0000][gc,heap       ] GC(6) Eden regions: 45->0(46)
[2024-05-02T03:31:02.823+0000][gc,heap       ] GC(6) Survivor regions: 6->5(7)
[2024-05-02T03:31:02.823+0000][gc,heap       ] GC(6) Old regions: 10->13
[2024-05-02T03:31:02.823+0000][gc,heap       ] GC(6) Humongous regions: 129->129
[2024-05-02T03:31:02.823+0000][gc,metaspace  ] GC(6) Metaspace: 41195K->41195K(1085440K)
[2024-05-02T03:31:02.823+0000][gc            ] GC(6) Pause Young (Concurrent Start) (G1 Evacuation Pause) 187M->144M(1024M) 88.403ms
[2024-05-02T03:31:02.823+0000][gc,cpu        ] GC(6) User=0.03s Sys=0.01s Real=0.09s
[2024-05-02T03:31:02.823+0000][gc            ] GC(7) Concurrent Cycle
[2024-05-02T03:31:02.823+0000][gc,marking    ] GC(7) Concurrent Clear Claimed Marks
[2024-05-02T03:31:02.823+0000][gc,marking    ] GC(7) Concurrent Clear Claimed Marks 0.223ms
[2024-05-02T03:31:02.823+0000][gc,marking    ] GC(7) Concurrent Scan Root Regions
[2024-05-02T03:31:02.855+0000][gc,marking    ] GC(7) Concurrent Scan Root Regions 31.448ms
[2024-05-02T03:31:02.855+0000][gc,marking    ] GC(7) Concurrent Mark (164.876s)
[2024-05-02T03:31:02.855+0000][gc,marking    ] GC(7) Concurrent Mark From Roots
[2024-05-02T03:31:02.855+0000][gc,task       ] GC(7) Using 1 workers of 1 for marking
[2024-05-02T03:31:02.992+0000][gc,marking    ] GC(7) Concurrent Mark From Roots 137.686ms
[2024-05-02T03:31:02.992+0000][gc,marking    ] GC(7) Concurrent Preclean
[2024-05-02T03:31:02.992+0000][gc,marking    ] GC(7) Concurrent Preclean 0.086ms
[2024-05-02T03:31:02.992+0000][gc,marking    ] GC(7) Concurrent Mark (164.876s, 165.014s) 137.835ms
[2024-05-02T03:31:02.993+0000][gc,start      ] GC(7) Pause Remark
[2024-05-02T03:31:03.032+0000][gc,stringtable] GC(7) Cleaned string and symbol table, strings: 11942 processed, 0 removed, symbols: 90800 processed, 5 removed
[2024-05-02T03:31:03.035+0000][gc,mmu        ] GC(7) MMU target violated: 21.0ms (20.0ms/21.0ms)
[2024-05-02T03:31:03.035+0000][gc            ] GC(7) Pause Remark 146M->146M(1024M) 41.933ms
[2024-05-02T03:31:03.035+0000][gc,cpu        ] GC(7) User=0.01s Sys=0.01s Real=0.04s
[2024-05-02T03:31:03.037+0000][gc,marking    ] GC(7) Concurrent Rebuild Remembered Sets
[2024-05-02T03:31:03.081+0000][gc,marking    ] GC(7) Concurrent Rebuild Remembered Sets 43.660ms
[2024-05-02T03:31:03.081+0000][gc,start      ] GC(7) Pause Cleanup
[2024-05-02T03:31:03.081+0000][gc            ] GC(7) Pause Cleanup 147M->147M(1024M) 0.224ms
[2024-05-02T03:31:03.081+0000][gc,cpu        ] GC(7) User=0.00s Sys=0.00s Real=0.00s
[2024-05-02T03:31:03.081+0000][gc,marking    ] GC(7) Concurrent Cleanup for Next Mark
[2024-05-02T03:31:03.114+0000][gc,marking    ] GC(7) Concurrent Cleanup for Next Mark 32.450ms
[2024-05-02T03:31:03.114+0000][gc            ] GC(7) Concurrent Cycle 290.915ms
