[2024-05-01T19:57:32.346+0000][gc,heap] Heap region size: 1M
[2024-05-01T19:57:32.360+0000][gc     ] Using G1
[2024-05-01T19:57:32.360+0000][gc,heap,coops] Heap address: 0x00000000c0000000, size: 1024 MB, Compressed Oops mode: 32-bit
[2024-05-01T19:57:32.360+0000][gc,cds       ] Mark closed archive regions in map: [0x00000000fff00000, 0x00000000fff6aff8]
[2024-05-01T19:57:32.360+0000][gc,cds       ] Mark open archive regions in map: [0x00000000ffe00000, 0x00000000ffe46ff8]
[2024-05-01T19:57:34.561+0000][gc,start     ] GC(0) Pause Young (Normal) (G1 Evacuation Pause)
[2024-05-01T19:57:34.561+0000][gc,task      ] GC(0) Using 1 workers of 1 for evacuation
[2024-05-01T19:57:34.587+0000][gc,mmu       ] GC(0) MMU target violated: 21.0ms (20.0ms/21.0ms)
[2024-05-01T19:57:34.587+0000][gc,phases    ] GC(0)   Pre Evacuate Collection Set: 0.0ms
[2024-05-01T19:57:34.587+0000][gc,phases    ] GC(0)   Evacuate Collection Set: 24.7ms
[2024-05-01T19:57:34.587+0000][gc,phases    ] GC(0)   Post Evacuate Collection Set: 0.5ms
[2024-05-01T19:57:34.587+0000][gc,phases    ] GC(0)   Other: 0.2ms
[2024-05-01T19:57:34.587+0000][gc,heap      ] GC(0) Eden regions: 51->0(44)
[2024-05-01T19:57:34.587+0000][gc,heap      ] GC(0) Survivor regions: 0->7(7)
[2024-05-01T19:57:34.587+0000][gc,heap      ] GC(0) Old regions: 2->2
[2024-05-01T19:57:34.587+0000][gc,heap      ] GC(0) Humongous regions: 0->0
[2024-05-01T19:57:34.587+0000][gc,metaspace ] GC(0) Metaspace: 15611K->15611K(1062912K)
[2024-05-01T19:57:34.587+0000][gc           ] GC(0) Pause Young (Normal) (G1 Evacuation Pause) 51M->7M(1024M) 25.528ms
[2024-05-01T19:57:34.587+0000][gc,cpu       ] GC(0) User=0.02s Sys=0.00s Real=0.03s
[2024-05-01T19:57:35.272+0000][gc,start     ] GC(1) Pause Young (Concurrent Start) (Metadata GC Threshold)
[2024-05-01T19:57:35.272+0000][gc,task      ] GC(1) Using 1 workers of 1 for evacuation
[2024-05-01T19:57:35.298+0000][gc,mmu       ] GC(1) MMU target violated: 21.0ms (20.0ms/21.0ms)
[2024-05-01T19:57:35.298+0000][gc,phases    ] GC(1)   Pre Evacuate Collection Set: 0.1ms
[2024-05-01T19:57:35.298+0000][gc,phases    ] GC(1)   Evacuate Collection Set: 25.7ms
[2024-05-01T19:57:35.298+0000][gc,phases    ] GC(1)   Post Evacuate Collection Set: 0.4ms
[2024-05-01T19:57:35.298+0000][gc,phases    ] GC(1)   Other: 0.3ms
[2024-05-01T19:57:35.298+0000][gc,heap      ] GC(1) Eden regions: 21->0(50)
[2024-05-01T19:57:35.298+0000][gc,heap      ] GC(1) Survivor regions: 7->1(7)
[2024-05-01T19:57:35.298+0000][gc,heap      ] GC(1) Old regions: 2->9
[2024-05-01T19:57:35.298+0000][gc,heap      ] GC(1) Humongous regions: 0->0
[2024-05-01T19:57:35.298+0000][gc,metaspace ] GC(1) Metaspace: 20631K->20631K(1067008K)
[2024-05-01T19:57:35.298+0000][gc           ] GC(1) Pause Young (Concurrent Start) (Metadata GC Threshold) 27M->8M(1024M) 26.467ms
[2024-05-01T19:57:35.298+0000][gc,cpu       ] GC(1) User=0.02s Sys=0.02s Real=0.03s
[2024-05-01T19:57:35.298+0000][gc           ] GC(2) Concurrent Cycle
[2024-05-01T19:57:35.298+0000][gc,marking   ] GC(2) Concurrent Clear Claimed Marks
[2024-05-01T19:57:35.298+0000][gc,marking   ] GC(2) Concurrent Clear Claimed Marks 0.065ms
[2024-05-01T19:57:35.298+0000][gc,marking   ] GC(2) Concurrent Scan Root Regions
[2024-05-01T19:57:35.301+0000][gc,marking   ] GC(2) Concurrent Scan Root Regions 2.668ms
[2024-05-01T19:57:35.301+0000][gc,marking   ] GC(2) Concurrent Mark (2.959s)
[2024-05-01T19:57:35.301+0000][gc,marking   ] GC(2) Concurrent Mark From Roots
[2024-05-01T19:57:35.301+0000][gc,task      ] GC(2) Using 1 workers of 1 for marking
[2024-05-01T19:57:35.325+0000][gc,marking   ] GC(2) Concurrent Mark From Roots 24.011ms
[2024-05-01T19:57:35.325+0000][gc,marking   ] GC(2) Concurrent Preclean
[2024-05-01T19:57:35.325+0000][gc,marking   ] GC(2) Concurrent Preclean 0.080ms
[2024-05-01T19:57:35.325+0000][gc,marking   ] GC(2) Concurrent Mark (2.959s, 2.983s) 24.143ms
[2024-05-01T19:57:35.326+0000][gc,start     ] GC(2) Pause Remark
[2024-05-01T19:57:35.332+0000][gc,stringtable] GC(2) Cleaned string and symbol table, strings: 5162 processed, 0 removed, symbols: 51356 processed, 59 removed
[2024-05-01T19:57:35.332+0000][gc            ] GC(2) Pause Remark 9M->9M(1024M) 6.369ms
[2024-05-01T19:57:35.332+0000][gc,cpu        ] GC(2) User=0.01s Sys=0.00s Real=0.01s
[2024-05-01T19:57:35.332+0000][gc,marking    ] GC(2) Concurrent Rebuild Remembered Sets
[2024-05-01T19:57:35.347+0000][gc,marking    ] GC(2) Concurrent Rebuild Remembered Sets 14.570ms
[2024-05-01T19:57:35.347+0000][gc,start      ] GC(2) Pause Cleanup
[2024-05-01T19:57:35.347+0000][gc            ] GC(2) Pause Cleanup 9M->9M(1024M) 0.227ms
[2024-05-01T19:57:35.347+0000][gc,cpu        ] GC(2) User=0.00s Sys=0.00s Real=0.00s
[2024-05-01T19:57:35.347+0000][gc,marking    ] GC(2) Concurrent Cleanup for Next Mark
[2024-05-01T19:57:35.416+0000][gc,marking    ] GC(2) Concurrent Cleanup for Next Mark 69.243ms
[2024-05-01T19:57:35.416+0000][gc            ] GC(2) Concurrent Cycle 117.777ms
[2024-05-01T19:57:36.931+0000][gc,start      ] GC(3) Pause Young (Normal) (G1 Evacuation Pause)
[2024-05-01T19:57:36.931+0000][gc,task       ] GC(3) Using 1 workers of 1 for evacuation
[2024-05-01T19:57:36.945+0000][gc,phases     ] GC(3)   Pre Evacuate Collection Set: 0.0ms
[2024-05-01T19:57:36.945+0000][gc,phases     ] GC(3)   Evacuate Collection Set: 13.5ms
[2024-05-01T19:57:36.945+0000][gc,phases     ] GC(3)   Post Evacuate Collection Set: 0.3ms
[2024-05-01T19:57:36.945+0000][gc,phases     ] GC(3)   Other: 0.2ms
[2024-05-01T19:57:36.945+0000][gc,heap       ] GC(3) Eden regions: 50->0(47)
[2024-05-01T19:57:36.945+0000][gc,heap       ] GC(3) Survivor regions: 1->4(7)
[2024-05-01T19:57:36.945+0000][gc,heap       ] GC(3) Old regions: 9->9
[2024-05-01T19:57:36.945+0000][gc,heap       ] GC(3) Humongous regions: 129->129
[2024-05-01T19:57:36.945+0000][gc,metaspace  ] GC(3) Metaspace: 29516K->29516K(1075200K)
[2024-05-01T19:57:36.945+0000][gc            ] GC(3) Pause Young (Normal) (G1 Evacuation Pause) 187M->140M(1024M) 14.161ms
[2024-05-01T19:57:36.945+0000][gc,cpu        ] GC(3) User=0.01s Sys=0.00s Real=0.01s
[2024-05-01T19:57:37.774+0000][gc,start      ] GC(4) Pause Young (Concurrent Start) (Metadata GC Threshold)
[2024-05-01T19:57:37.774+0000][gc,task       ] GC(4) Using 1 workers of 1 for evacuation
[2024-05-01T19:57:37.793+0000][gc,phases     ] GC(4)   Pre Evacuate Collection Set: 0.1ms
[2024-05-01T19:57:37.793+0000][gc,phases     ] GC(4)   Evacuate Collection Set: 17.6ms
[2024-05-01T19:57:37.793+0000][gc,phases     ] GC(4)   Post Evacuate Collection Set: 0.3ms
[2024-05-01T19:57:37.793+0000][gc,phases     ] GC(4)   Other: 0.3ms
[2024-05-01T19:57:37.793+0000][gc,heap       ] GC(4) Eden regions: 26->0(45)
[2024-05-01T19:57:37.793+0000][gc,heap       ] GC(4) Survivor regions: 4->6(7)
[2024-05-01T19:57:37.793+0000][gc,heap       ] GC(4) Old regions: 9->10
[2024-05-01T19:57:37.793+0000][gc,heap       ] GC(4) Humongous regions: 129->129
[2024-05-01T19:57:37.793+0000][gc,metaspace  ] GC(4) Metaspace: 34683K->34683K(1081344K)
[2024-05-01T19:57:37.793+0000][gc            ] GC(4) Pause Young (Concurrent Start) (Metadata GC Threshold) 165M->142M(1024M) 18.447ms
[2024-05-01T19:57:37.793+0000][gc,cpu        ] GC(4) User=0.02s Sys=0.00s Real=0.02s
[2024-05-01T19:57:37.793+0000][gc            ] GC(5) Concurrent Cycle
[2024-05-01T19:57:37.793+0000][gc,marking    ] GC(5) Concurrent Clear Claimed Marks
[2024-05-01T19:57:37.793+0000][gc,marking    ] GC(5) Concurrent Clear Claimed Marks 0.132ms
[2024-05-01T19:57:37.793+0000][gc,marking    ] GC(5) Concurrent Scan Root Regions
[2024-05-01T19:57:37.815+0000][gc,marking    ] GC(5) Concurrent Scan Root Regions 21.703ms
[2024-05-01T19:57:37.815+0000][gc,marking    ] GC(5) Concurrent Mark (5.473s)
[2024-05-01T19:57:37.815+0000][gc,marking    ] GC(5) Concurrent Mark From Roots
[2024-05-01T19:57:37.815+0000][gc,task       ] GC(5) Using 1 workers of 1 for marking
[2024-05-01T19:57:37.906+0000][gc,marking    ] GC(5) Concurrent Mark From Roots 90.919ms
[2024-05-01T19:57:37.906+0000][gc,marking    ] GC(5) Concurrent Preclean
[2024-05-01T19:57:37.906+0000][gc,marking    ] GC(5) Concurrent Preclean 0.070ms
[2024-05-01T19:57:37.906+0000][gc,marking    ] GC(5) Concurrent Mark (5.473s, 5.564s) 91.035ms
[2024-05-01T19:57:37.906+0000][gc,start      ] GC(5) Pause Remark
[2024-05-01T19:57:37.916+0000][gc,stringtable] GC(5) Cleaned string and symbol table, strings: 10479 processed, 13 removed, symbols: 84478 processed, 16 removed
[2024-05-01T19:57:37.919+0000][gc            ] GC(5) Pause Remark 146M->146M(1024M) 12.701ms
[2024-05-01T19:57:37.919+0000][gc,cpu        ] GC(5) User=0.01s Sys=0.01s Real=0.01s
[2024-05-01T19:57:37.919+0000][gc,marking    ] GC(5) Concurrent Rebuild Remembered Sets
[2024-05-01T19:57:37.951+0000][gc,marking    ] GC(5) Concurrent Rebuild Remembered Sets 31.932ms
[2024-05-01T19:57:37.956+0000][gc,start      ] GC(5) Pause Cleanup
[2024-05-01T19:57:37.956+0000][gc            ] GC(5) Pause Cleanup 147M->147M(1024M) 0.263ms
[2024-05-01T19:57:37.956+0000][gc,cpu        ] GC(5) User=0.00s Sys=0.00s Real=0.00s
[2024-05-01T19:57:37.957+0000][gc,marking    ] GC(5) Concurrent Cleanup for Next Mark
[2024-05-01T19:57:38.131+0000][gc,marking    ] GC(5) Concurrent Cleanup for Next Mark 174.463ms
[2024-05-01T19:57:38.131+0000][gc            ] GC(5) Concurrent Cycle 338.489ms
[2024-05-01T20:32:16.780+0000][gc,heap,exit  ] Heap
[2024-05-01T20:32:16.780+0000][gc,heap,exit  ]  garbage-first heap   total 1048576K, used 177482K [0x00000000c0000000, 0x0000000100000000)
[2024-05-01T20:32:16.780+0000][gc,heap,exit  ]   region size 1024K, 39 young (39936K), 6 survivors (6144K)
[2024-05-01T20:32:16.780+0000][gc,heap,exit  ]  Metaspace       used 37724K, capacity 39313K, committed 39548K, reserved 1083392K
[2024-05-01T20:32:16.780+0000][gc,heap,exit  ]   class space    used 4949K, capacity 5732K, committed 5756K, reserved 1048576K
