[2024-05-02T03:07:01.631+0000][gc,heap] Heap region size: 1M
[2024-05-02T03:07:01.645+0000][gc     ] Using G1
[2024-05-02T03:07:01.645+0000][gc,heap,coops] Heap address: 0x00000000c0000000, size: 1024 MB, Compressed Oops mode: 32-bit
[2024-05-02T03:07:01.645+0000][gc,cds       ] Mark closed archive regions in map: [0x00000000fff00000, 0x00000000fff6aff8]
[2024-05-02T03:07:01.645+0000][gc,cds       ] Mark open archive regions in map: [0x00000000ffe00000, 0x00000000ffe46ff8]
[2024-05-02T03:07:03.598+0000][gc,start     ] GC(0) Pause Young (Normal) (G1 Evacuation Pause)
[2024-05-02T03:07:03.598+0000][gc,task      ] GC(0) Using 1 workers of 1 for evacuation
[2024-05-02T03:07:03.623+0000][gc,mmu       ] GC(0) MMU target violated: 21.0ms (20.0ms/21.0ms)
[2024-05-02T03:07:03.623+0000][gc,phases    ] GC(0)   Pre Evacuate Collection Set: 0.0ms
[2024-05-02T03:07:03.623+0000][gc,phases    ] GC(0)   Evacuate Collection Set: 23.9ms
[2024-05-02T03:07:03.623+0000][gc,phases    ] GC(0)   Post Evacuate Collection Set: 0.5ms
[2024-05-02T03:07:03.623+0000][gc,phases    ] GC(0)   Other: 0.2ms
[2024-05-02T03:07:03.623+0000][gc,heap      ] GC(0) Eden regions: 51->0(44)
[2024-05-02T03:07:03.623+0000][gc,heap      ] GC(0) Survivor regions: 0->7(7)
[2024-05-02T03:07:03.623+0000][gc,heap      ] GC(0) Old regions: 2->2
[2024-05-02T03:07:03.623+0000][gc,heap      ] GC(0) Humongous regions: 0->0
[2024-05-02T03:07:03.623+0000][gc,metaspace ] GC(0) Metaspace: 15601K->15601K(1062912K)
[2024-05-02T03:07:03.623+0000][gc           ] GC(0) Pause Young (Normal) (G1 Evacuation Pause) 51M->7M(1024M) 24.717ms
[2024-05-02T03:07:03.623+0000][gc,cpu       ] GC(0) User=0.02s Sys=0.01s Real=0.03s
[2024-05-02T03:07:04.139+0000][gc,start     ] GC(1) Pause Young (Concurrent Start) (Metadata GC Threshold)
[2024-05-02T03:07:04.139+0000][gc,task      ] GC(1) Using 1 workers of 1 for evacuation
[2024-05-02T03:07:04.165+0000][gc,mmu       ] GC(1) MMU target violated: 21.0ms (20.0ms/21.0ms)
[2024-05-02T03:07:04.165+0000][gc,phases    ] GC(1)   Pre Evacuate Collection Set: 0.1ms
[2024-05-02T03:07:04.165+0000][gc,phases    ] GC(1)   Evacuate Collection Set: 25.2ms
[2024-05-02T03:07:04.165+0000][gc,phases    ] GC(1)   Post Evacuate Collection Set: 0.3ms
[2024-05-02T03:07:04.165+0000][gc,phases    ] GC(1)   Other: 0.3ms
[2024-05-02T03:07:04.165+0000][gc,heap      ] GC(1) Eden regions: 20->0(50)
[2024-05-02T03:07:04.165+0000][gc,heap      ] GC(1) Survivor regions: 7->1(7)
[2024-05-02T03:07:04.165+0000][gc,heap      ] GC(1) Old regions: 2->9
[2024-05-02T03:07:04.165+0000][gc,heap      ] GC(1) Humongous regions: 0->0
[2024-05-02T03:07:04.165+0000][gc,metaspace ] GC(1) Metaspace: 20600K->20600K(1067008K)
[2024-05-02T03:07:04.165+0000][gc           ] GC(1) Pause Young (Concurrent Start) (Metadata GC Threshold) 26M->8M(1024M) 25.990ms
[2024-05-02T03:07:04.165+0000][gc,cpu       ] GC(1) User=0.02s Sys=0.00s Real=0.03s
[2024-05-02T03:07:04.165+0000][gc           ] GC(2) Concurrent Cycle
[2024-05-02T03:07:04.165+0000][gc,marking   ] GC(2) Concurrent Clear Claimed Marks
[2024-05-02T03:07:04.165+0000][gc,marking   ] GC(2) Concurrent Clear Claimed Marks 0.052ms
[2024-05-02T03:07:04.165+0000][gc,marking   ] GC(2) Concurrent Scan Root Regions
[2024-05-02T03:07:04.166+0000][gc,marking   ] GC(2) Concurrent Scan Root Regions 0.752ms
[2024-05-02T03:07:04.166+0000][gc,marking   ] GC(2) Concurrent Mark (2.539s)
[2024-05-02T03:07:04.166+0000][gc,marking   ] GC(2) Concurrent Mark From Roots
[2024-05-02T03:07:04.166+0000][gc,task      ] GC(2) Using 1 workers of 1 for marking
[2024-05-02T03:07:04.203+0000][gc,marking   ] GC(2) Concurrent Mark From Roots 37.222ms
[2024-05-02T03:07:04.203+0000][gc,marking   ] GC(2) Concurrent Preclean
[2024-05-02T03:07:04.203+0000][gc,marking   ] GC(2) Concurrent Preclean 0.069ms
[2024-05-02T03:07:04.203+0000][gc,marking   ] GC(2) Concurrent Mark (2.539s, 2.576s) 37.342ms
[2024-05-02T03:07:04.205+0000][gc,start     ] GC(2) Pause Remark
[2024-05-02T03:07:04.210+0000][gc,stringtable] GC(2) Cleaned string and symbol table, strings: 5073 processed, 0 removed, symbols: 50986 processed, 59 removed
[2024-05-02T03:07:04.210+0000][gc            ] GC(2) Pause Remark 8M->8M(1024M) 4.482ms
[2024-05-02T03:07:04.210+0000][gc,cpu        ] GC(2) User=0.00s Sys=0.00s Real=0.00s
[2024-05-02T03:07:04.212+0000][gc,marking    ] GC(2) Concurrent Rebuild Remembered Sets
[2024-05-02T03:07:04.224+0000][gc,marking    ] GC(2) Concurrent Rebuild Remembered Sets 12.453ms
[2024-05-02T03:07:04.224+0000][gc,start      ] GC(2) Pause Cleanup
[2024-05-02T03:07:04.225+0000][gc            ] GC(2) Pause Cleanup 9M->9M(1024M) 0.237ms
[2024-05-02T03:07:04.225+0000][gc,cpu        ] GC(2) User=0.00s Sys=0.00s Real=0.00s
[2024-05-02T03:07:04.225+0000][gc,marking    ] GC(2) Concurrent Cleanup for Next Mark
[2024-05-02T03:07:04.260+0000][gc,marking    ] GC(2) Concurrent Cleanup for Next Mark 35.110ms
[2024-05-02T03:07:04.260+0000][gc            ] GC(2) Concurrent Cycle 94.803ms
[2024-05-02T03:07:05.534+0000][gc,start      ] GC(3) Pause Young (Normal) (G1 Evacuation Pause)
[2024-05-02T03:07:05.534+0000][gc,task       ] GC(3) Using 1 workers of 1 for evacuation
[2024-05-02T03:07:05.547+0000][gc,phases     ] GC(3)   Pre Evacuate Collection Set: 0.0ms
[2024-05-02T03:07:05.547+0000][gc,phases     ] GC(3)   Evacuate Collection Set: 12.5ms
[2024-05-02T03:07:05.547+0000][gc,phases     ] GC(3)   Post Evacuate Collection Set: 0.3ms
[2024-05-02T03:07:05.547+0000][gc,phases     ] GC(3)   Other: 0.1ms
[2024-05-02T03:07:05.547+0000][gc,heap       ] GC(3) Eden regions: 50->0(46)
[2024-05-02T03:07:05.547+0000][gc,heap       ] GC(3) Survivor regions: 1->5(7)
[2024-05-02T03:07:05.547+0000][gc,heap       ] GC(3) Old regions: 9->9
[2024-05-02T03:07:05.547+0000][gc,heap       ] GC(3) Humongous regions: 129->129
[2024-05-02T03:07:05.547+0000][gc,metaspace  ] GC(3) Metaspace: 29446K->29446K(1075200K)
[2024-05-02T03:07:05.547+0000][gc            ] GC(3) Pause Young (Normal) (G1 Evacuation Pause) 187M->140M(1024M) 13.106ms
[2024-05-02T03:07:05.547+0000][gc,cpu        ] GC(3) User=0.01s Sys=0.00s Real=0.01s
[2024-05-02T03:07:06.159+0000][gc,start      ] GC(4) Pause Young (Concurrent Start) (Metadata GC Threshold)
[2024-05-02T03:07:06.159+0000][gc,task       ] GC(4) Using 1 workers of 1 for evacuation
[2024-05-02T03:07:06.177+0000][gc,phases     ] GC(4)   Pre Evacuate Collection Set: 0.1ms
[2024-05-02T03:07:06.177+0000][gc,phases     ] GC(4)   Evacuate Collection Set: 16.7ms
[2024-05-02T03:07:06.177+0000][gc,phases     ] GC(4)   Post Evacuate Collection Set: 0.3ms
[2024-05-02T03:07:06.177+0000][gc,phases     ] GC(4)   Other: 0.2ms
[2024-05-02T03:07:06.177+0000][gc,heap       ] GC(4) Eden regions: 25->0(45)
[2024-05-02T03:07:06.177+0000][gc,heap       ] GC(4) Survivor regions: 5->6(7)
[2024-05-02T03:07:06.177+0000][gc,heap       ] GC(4) Old regions: 9->9
[2024-05-02T03:07:06.177+0000][gc,heap       ] GC(4) Humongous regions: 129->129
[2024-05-02T03:07:06.177+0000][gc,metaspace  ] GC(4) Metaspace: 34587K->34587K(1081344K)
[2024-05-02T03:07:06.177+0000][gc            ] GC(4) Pause Young (Concurrent Start) (Metadata GC Threshold) 165M->142M(1024M) 17.469ms
[2024-05-02T03:07:06.177+0000][gc,cpu        ] GC(4) User=0.02s Sys=0.00s Real=0.02s
[2024-05-02T03:07:06.177+0000][gc            ] GC(5) Concurrent Cycle
[2024-05-02T03:07:06.177+0000][gc,marking    ] GC(5) Concurrent Clear Claimed Marks
[2024-05-02T03:07:06.177+0000][gc,marking    ] GC(5) Concurrent Clear Claimed Marks 0.096ms
[2024-05-02T03:07:06.177+0000][gc,marking    ] GC(5) Concurrent Scan Root Regions
[2024-05-02T03:07:06.194+0000][gc,marking    ] GC(5) Concurrent Scan Root Regions 16.708ms
[2024-05-02T03:07:06.194+0000][gc,marking    ] GC(5) Concurrent Mark (4.567s)
[2024-05-02T03:07:06.194+0000][gc,marking    ] GC(5) Concurrent Mark From Roots
[2024-05-02T03:07:06.194+0000][gc,task       ] GC(5) Using 1 workers of 1 for marking
[2024-05-02T03:07:06.265+0000][gc,marking    ] GC(5) Concurrent Mark From Roots 70.873ms
[2024-05-02T03:07:06.265+0000][gc,marking    ] GC(5) Concurrent Preclean
[2024-05-02T03:07:06.265+0000][gc,marking    ] GC(5) Concurrent Preclean 0.064ms
[2024-05-02T03:07:06.265+0000][gc,marking    ] GC(5) Concurrent Mark (4.567s, 4.638s) 70.991ms
[2024-05-02T03:07:06.274+0000][gc,start      ] GC(5) Pause Remark
[2024-05-02T03:07:06.280+0000][gc,stringtable] GC(5) Cleaned string and symbol table, strings: 10489 processed, 11 removed, symbols: 84288 processed, 17 removed
[2024-05-02T03:07:06.281+0000][gc            ] GC(5) Pause Remark 146M->146M(1024M) 7.097ms
[2024-05-02T03:07:06.281+0000][gc,cpu        ] GC(5) User=0.01s Sys=0.00s Real=0.01s
[2024-05-02T03:07:06.281+0000][gc,marking    ] GC(5) Concurrent Rebuild Remembered Sets
[2024-05-02T03:07:06.299+0000][gc,marking    ] GC(5) Concurrent Rebuild Remembered Sets 17.876ms
[2024-05-02T03:07:06.299+0000][gc,start      ] GC(5) Pause Cleanup
[2024-05-02T03:07:06.299+0000][gc            ] GC(5) Pause Cleanup 146M->146M(1024M) 0.210ms
[2024-05-02T03:07:06.299+0000][gc,cpu        ] GC(5) User=0.00s Sys=0.00s Real=0.00s
[2024-05-02T03:07:06.299+0000][gc,marking    ] GC(5) Concurrent Cleanup for Next Mark
[2024-05-02T03:07:06.344+0000][gc,marking    ] GC(5) Concurrent Cleanup for Next Mark 44.673ms
[2024-05-02T03:07:06.344+0000][gc            ] GC(5) Concurrent Cycle 166.822ms
[2024-05-02T03:07:46.371+0000][gc,heap,exit  ] Heap
[2024-05-02T03:07:46.371+0000][gc,heap,exit  ]  garbage-first heap   total 1048576K, used 163962K [0x00000000c0000000, 0x0000000100000000)
[2024-05-02T03:07:46.371+0000][gc,heap,exit  ]   region size 1024K, 26 young (26624K), 6 survivors (6144K)
[2024-05-02T03:07:46.371+0000][gc,heap,exit  ]  Metaspace       used 37464K, capacity 39121K, committed 39376K, reserved 1083392K
[2024-05-02T03:07:46.371+0000][gc,heap,exit  ]   class space    used 4954K, capacity 5746K, committed 5840K, reserved 1048576K
