[2024-05-02T02:35:06.790+0000][gc,heap] Heap region size: 1M
[2024-05-02T02:35:06.804+0000][gc     ] Using G1
[2024-05-02T02:35:06.804+0000][gc,heap,coops] Heap address: 0x00000000c0000000, size: 1024 MB, Compressed Oops mode: 32-bit
[2024-05-02T02:35:06.804+0000][gc,cds       ] Mark closed archive regions in map: [0x00000000fff00000, 0x00000000fff6aff8]
[2024-05-02T02:35:06.804+0000][gc,cds       ] Mark open archive regions in map: [0x00000000ffe00000, 0x00000000ffe46ff8]
[2024-05-02T02:35:08.765+0000][gc,start     ] GC(0) Pause Young (Normal) (G1 Evacuation Pause)
[2024-05-02T02:35:08.765+0000][gc,task      ] GC(0) Using 1 workers of 1 for evacuation
[2024-05-02T02:35:08.790+0000][gc,mmu       ] GC(0) MMU target violated: 21.0ms (20.0ms/21.0ms)
[2024-05-02T02:35:08.790+0000][gc,phases    ] GC(0)   Pre Evacuate Collection Set: 0.1ms
[2024-05-02T02:35:08.790+0000][gc,phases    ] GC(0)   Evacuate Collection Set: 24.3ms
[2024-05-02T02:35:08.790+0000][gc,phases    ] GC(0)   Post Evacuate Collection Set: 0.5ms
[2024-05-02T02:35:08.790+0000][gc,phases    ] GC(0)   Other: 0.2ms
[2024-05-02T02:35:08.790+0000][gc,heap      ] GC(0) Eden regions: 51->0(44)
[2024-05-02T02:35:08.790+0000][gc,heap      ] GC(0) Survivor regions: 0->7(7)
[2024-05-02T02:35:08.790+0000][gc,heap      ] GC(0) Old regions: 2->2
[2024-05-02T02:35:08.790+0000][gc,heap      ] GC(0) Humongous regions: 0->0
[2024-05-02T02:35:08.790+0000][gc,metaspace ] GC(0) Metaspace: 15475K->15475K(1062912K)
[2024-05-02T02:35:08.790+0000][gc           ] GC(0) Pause Young (Normal) (G1 Evacuation Pause) 51M->7M(1024M) 25.190ms
[2024-05-02T02:35:08.790+0000][gc,cpu       ] GC(0) User=0.02s Sys=0.01s Real=0.02s
[2024-05-02T02:35:09.324+0000][gc,start     ] GC(1) Pause Young (Concurrent Start) (Metadata GC Threshold)
[2024-05-02T02:35:09.324+0000][gc,task      ] GC(1) Using 1 workers of 1 for evacuation
[2024-05-02T02:35:09.360+0000][gc,mmu       ] GC(1) MMU target violated: 21.0ms (20.0ms/21.0ms)
[2024-05-02T02:35:09.360+0000][gc,phases    ] GC(1)   Pre Evacuate Collection Set: 0.1ms
[2024-05-02T02:35:09.360+0000][gc,phases    ] GC(1)   Evacuate Collection Set: 34.7ms
[2024-05-02T02:35:09.360+0000][gc,phases    ] GC(1)   Post Evacuate Collection Set: 0.3ms
[2024-05-02T02:35:09.360+0000][gc,phases    ] GC(1)   Other: 0.3ms
[2024-05-02T02:35:09.360+0000][gc,heap      ] GC(1) Eden regions: 21->0(50)
[2024-05-02T02:35:09.360+0000][gc,heap      ] GC(1) Survivor regions: 7->1(7)
[2024-05-02T02:35:09.360+0000][gc,heap      ] GC(1) Old regions: 2->9
[2024-05-02T02:35:09.360+0000][gc,heap      ] GC(1) Humongous regions: 0->0
[2024-05-02T02:35:09.360+0000][gc,metaspace ] GC(1) Metaspace: 20594K->20594K(1067008K)
[2024-05-02T02:35:09.360+0000][gc           ] GC(1) Pause Young (Concurrent Start) (Metadata GC Threshold) 27M->8M(1024M) 35.479ms
[2024-05-02T02:35:09.360+0000][gc,cpu       ] GC(1) User=0.03s Sys=0.01s Real=0.03s
[2024-05-02T02:35:09.360+0000][gc           ] GC(2) Concurrent Cycle
[2024-05-02T02:35:09.360+0000][gc,marking   ] GC(2) Concurrent Clear Claimed Marks
[2024-05-02T02:35:09.360+0000][gc,marking   ] GC(2) Concurrent Clear Claimed Marks 0.067ms
[2024-05-02T02:35:09.360+0000][gc,marking   ] GC(2) Concurrent Scan Root Regions
[2024-05-02T02:35:09.365+0000][gc,marking   ] GC(2) Concurrent Scan Root Regions 4.439ms
[2024-05-02T02:35:09.365+0000][gc,marking   ] GC(2) Concurrent Mark (2.578s)
[2024-05-02T02:35:09.365+0000][gc,marking   ] GC(2) Concurrent Mark From Roots
[2024-05-02T02:35:09.365+0000][gc,task      ] GC(2) Using 1 workers of 1 for marking
[2024-05-02T02:35:09.397+0000][gc,marking   ] GC(2) Concurrent Mark From Roots 32.525ms
[2024-05-02T02:35:09.397+0000][gc,marking   ] GC(2) Concurrent Preclean
[2024-05-02T02:35:09.397+0000][gc,marking   ] GC(2) Concurrent Preclean 0.120ms
[2024-05-02T02:35:09.397+0000][gc,marking   ] GC(2) Concurrent Mark (2.578s, 2.611s) 32.699ms
[2024-05-02T02:35:09.404+0000][gc,start     ] GC(2) Pause Remark
[2024-05-02T02:35:09.409+0000][gc,stringtable] GC(2) Cleaned string and symbol table, strings: 5071 processed, 0 removed, symbols: 50986 processed, 59 removed
[2024-05-02T02:35:09.409+0000][gc            ] GC(2) Pause Remark 9M->9M(1024M) 4.819ms
[2024-05-02T02:35:09.409+0000][gc,cpu        ] GC(2) User=0.01s Sys=0.00s Real=0.00s
[2024-05-02T02:35:09.409+0000][gc,marking    ] GC(2) Concurrent Rebuild Remembered Sets
[2024-05-02T02:35:09.415+0000][gc,marking    ] GC(2) Concurrent Rebuild Remembered Sets 5.304ms
[2024-05-02T02:35:09.418+0000][gc,start      ] GC(2) Pause Cleanup
[2024-05-02T02:35:09.419+0000][gc            ] GC(2) Pause Cleanup 9M->9M(1024M) 0.250ms
[2024-05-02T02:35:09.419+0000][gc,cpu        ] GC(2) User=0.01s Sys=0.00s Real=0.00s
[2024-05-02T02:35:09.419+0000][gc,marking    ] GC(2) Concurrent Cleanup for Next Mark
[2024-05-02T02:35:09.463+0000][gc,marking    ] GC(2) Concurrent Cleanup for Next Mark 44.106ms
[2024-05-02T02:35:09.463+0000][gc            ] GC(2) Concurrent Cycle 102.837ms
[2024-05-02T02:35:10.748+0000][gc,start      ] GC(3) Pause Young (Normal) (G1 Evacuation Pause)
[2024-05-02T02:35:10.748+0000][gc,task       ] GC(3) Using 1 workers of 1 for evacuation
[2024-05-02T02:35:10.776+0000][gc,mmu        ] GC(3) MMU target violated: 21.0ms (20.0ms/21.0ms)
[2024-05-02T02:35:10.776+0000][gc,phases     ] GC(3)   Pre Evacuate Collection Set: 0.1ms
[2024-05-02T02:35:10.776+0000][gc,phases     ] GC(3)   Evacuate Collection Set: 27.1ms
[2024-05-02T02:35:10.776+0000][gc,phases     ] GC(3)   Post Evacuate Collection Set: 0.4ms
[2024-05-02T02:35:10.776+0000][gc,phases     ] GC(3)   Other: 0.2ms
[2024-05-02T02:35:10.776+0000][gc,heap       ] GC(3) Eden regions: 50->0(47)
[2024-05-02T02:35:10.776+0000][gc,heap       ] GC(3) Survivor regions: 1->4(7)
[2024-05-02T02:35:10.776+0000][gc,heap       ] GC(3) Old regions: 9->9
[2024-05-02T02:35:10.776+0000][gc,heap       ] GC(3) Humongous regions: 129->129
[2024-05-02T02:35:10.776+0000][gc,metaspace  ] GC(3) Metaspace: 29440K->29440K(1075200K)
[2024-05-02T02:35:10.776+0000][gc            ] GC(3) Pause Young (Normal) (G1 Evacuation Pause) 187M->139M(1024M) 27.762ms
[2024-05-02T02:35:10.776+0000][gc,cpu        ] GC(3) User=0.01s Sys=0.00s Real=0.03s
[2024-05-02T02:35:11.429+0000][gc,start      ] GC(4) Pause Young (Concurrent Start) (Metadata GC Threshold)
[2024-05-02T02:35:11.429+0000][gc,task       ] GC(4) Using 1 workers of 1 for evacuation
[2024-05-02T02:35:11.447+0000][gc,phases     ] GC(4)   Pre Evacuate Collection Set: 0.1ms
[2024-05-02T02:35:11.447+0000][gc,phases     ] GC(4)   Evacuate Collection Set: 17.4ms
[2024-05-02T02:35:11.447+0000][gc,phases     ] GC(4)   Post Evacuate Collection Set: 0.3ms
[2024-05-02T02:35:11.447+0000][gc,phases     ] GC(4)   Other: 0.3ms
[2024-05-02T02:35:11.447+0000][gc,heap       ] GC(4) Eden regions: 25->0(46)
[2024-05-02T02:35:11.447+0000][gc,heap       ] GC(4) Survivor regions: 4->5(7)
[2024-05-02T02:35:11.447+0000][gc,heap       ] GC(4) Old regions: 9->9
[2024-05-02T02:35:11.447+0000][gc,heap       ] GC(4) Humongous regions: 129->129
[2024-05-02T02:35:11.447+0000][gc,metaspace  ] GC(4) Metaspace: 34595K->34595K(1081344K)
[2024-05-02T02:35:11.447+0000][gc            ] GC(4) Pause Young (Concurrent Start) (Metadata GC Threshold) 164M->141M(1024M) 18.204ms
[2024-05-02T02:35:11.447+0000][gc,cpu        ] GC(4) User=0.02s Sys=0.00s Real=0.02s
[2024-05-02T02:35:11.448+0000][gc            ] GC(5) Concurrent Cycle
[2024-05-02T02:35:11.448+0000][gc,marking    ] GC(5) Concurrent Clear Claimed Marks
[2024-05-02T02:35:11.448+0000][gc,marking    ] GC(5) Concurrent Clear Claimed Marks 0.090ms
[2024-05-02T02:35:11.448+0000][gc,marking    ] GC(5) Concurrent Scan Root Regions
[2024-05-02T02:35:11.473+0000][gc,marking    ] GC(5) Concurrent Scan Root Regions 25.622ms
[2024-05-02T02:35:11.473+0000][gc,marking    ] GC(5) Concurrent Mark (4.687s)
[2024-05-02T02:35:11.473+0000][gc,marking    ] GC(5) Concurrent Mark From Roots
[2024-05-02T02:35:11.473+0000][gc,task       ] GC(5) Using 1 workers of 1 for marking
[2024-05-02T02:35:11.529+0000][gc,marking    ] GC(5) Concurrent Mark From Roots 55.332ms
[2024-05-02T02:35:11.529+0000][gc,marking    ] GC(5) Concurrent Preclean
[2024-05-02T02:35:11.529+0000][gc,marking    ] GC(5) Concurrent Preclean 0.069ms
[2024-05-02T02:35:11.529+0000][gc,marking    ] GC(5) Concurrent Mark (4.687s, 4.742s) 55.460ms
[2024-05-02T02:35:11.540+0000][gc,start      ] GC(5) Pause Remark
[2024-05-02T02:35:11.547+0000][gc,stringtable] GC(5) Cleaned string and symbol table, strings: 10438 processed, 10 removed, symbols: 84335 processed, 18 removed
[2024-05-02T02:35:11.550+0000][gc            ] GC(5) Pause Remark 145M->145M(1024M) 9.313ms
[2024-05-02T02:35:11.550+0000][gc,cpu        ] GC(5) User=0.01s Sys=0.00s Real=0.00s
[2024-05-02T02:35:11.550+0000][gc,marking    ] GC(5) Concurrent Rebuild Remembered Sets
[2024-05-02T02:35:11.560+0000][gc,marking    ] GC(5) Concurrent Rebuild Remembered Sets 9.792ms
[2024-05-02T02:35:11.560+0000][gc,start      ] GC(5) Pause Cleanup
[2024-05-02T02:35:11.560+0000][gc            ] GC(5) Pause Cleanup 145M->145M(1024M) 0.237ms
[2024-05-02T02:35:11.560+0000][gc,cpu        ] GC(5) User=0.00s Sys=0.00s Real=0.01s
[2024-05-02T02:35:11.560+0000][gc,marking    ] GC(5) Concurrent Cleanup for Next Mark
[2024-05-02T02:35:11.584+0000][gc,marking    ] GC(5) Concurrent Cleanup for Next Mark 23.839ms
[2024-05-02T02:35:11.584+0000][gc            ] GC(5) Concurrent Cycle 136.672ms
[2024-05-02T02:35:32.561+0000][gc,heap,exit  ] Heap
[2024-05-02T02:35:32.561+0000][gc,heap,exit  ]  garbage-first heap   total 1048576K, used 163414K [0x00000000c0000000, 0x0000000100000000)
[2024-05-02T02:35:32.561+0000][gc,heap,exit  ]   region size 1024K, 25 young (25600K), 5 survivors (5120K)
[2024-05-02T02:35:32.561+0000][gc,heap,exit  ]  Metaspace       used 37255K, capacity 38825K, committed 38992K, reserved 1083392K
[2024-05-02T02:35:32.561+0000][gc,heap,exit  ]   class space    used 4921K, capacity 5699K, committed 5712K, reserved 1048576K
