[2024-05-02T01:45:06.817+0000][gc,heap] Heap region size: 1M
[2024-05-02T01:45:06.839+0000][gc     ] Using G1
[2024-05-02T01:45:06.839+0000][gc,heap,coops] Heap address: 0x00000000c0000000, size: 1024 MB, Compressed Oops mode: 32-bit
[2024-05-02T01:45:06.839+0000][gc,cds       ] Mark closed archive regions in map: [0x00000000fff00000, 0x00000000fff6aff8]
[2024-05-02T01:45:06.839+0000][gc,cds       ] Mark open archive regions in map: [0x00000000ffe00000, 0x00000000ffe46ff8]
[2024-05-02T01:45:11.234+0000][gc,start     ] GC(0) Pause Young (Normal) (G1 Evacuation Pause)
[2024-05-02T01:45:11.234+0000][gc,task      ] GC(0) Using 1 workers of 1 for evacuation
[2024-05-02T01:45:11.293+0000][gc,mmu       ] GC(0) MMU target violated: 21.0ms (20.0ms/21.0ms)
[2024-05-02T01:45:11.293+0000][gc,phases    ] GC(0)   Pre Evacuate Collection Set: 0.1ms
[2024-05-02T01:45:11.293+0000][gc,phases    ] GC(0)   Evacuate Collection Set: 58.2ms
[2024-05-02T01:45:11.293+0000][gc,phases    ] GC(0)   Post Evacuate Collection Set: 0.5ms
[2024-05-02T01:45:11.293+0000][gc,phases    ] GC(0)   Other: 0.2ms
[2024-05-02T01:45:11.293+0000][gc,heap      ] GC(0) Eden regions: 51->0(44)
[2024-05-02T01:45:11.293+0000][gc,heap      ] GC(0) Survivor regions: 0->7(7)
[2024-05-02T01:45:11.293+0000][gc,heap      ] GC(0) Old regions: 2->2
[2024-05-02T01:45:11.293+0000][gc,heap      ] GC(0) Humongous regions: 0->0
[2024-05-02T01:45:11.293+0000][gc,metaspace ] GC(0) Metaspace: 15420K->15420K(1062912K)
[2024-05-02T01:45:11.293+0000][gc           ] GC(0) Pause Young (Normal) (G1 Evacuation Pause) 51M->7M(1024M) 59.057ms
[2024-05-02T01:45:11.293+0000][gc,cpu       ] GC(0) User=0.02s Sys=0.01s Real=0.06s
[2024-05-02T01:45:12.681+0000][gc,start     ] GC(1) Pause Young (Concurrent Start) (Metadata GC Threshold)
[2024-05-02T01:45:12.681+0000][gc,task      ] GC(1) Using 1 workers of 1 for evacuation
[2024-05-02T01:45:12.749+0000][gc,mmu       ] GC(1) MMU target violated: 21.0ms (20.0ms/21.0ms)
[2024-05-02T01:45:12.749+0000][gc,phases    ] GC(1)   Pre Evacuate Collection Set: 0.1ms
[2024-05-02T01:45:12.749+0000][gc,phases    ] GC(1)   Evacuate Collection Set: 67.8ms
[2024-05-02T01:45:12.749+0000][gc,phases    ] GC(1)   Post Evacuate Collection Set: 0.3ms
[2024-05-02T01:45:12.749+0000][gc,phases    ] GC(1)   Other: 0.3ms
[2024-05-02T01:45:12.749+0000][gc,heap      ] GC(1) Eden regions: 22->0(50)
[2024-05-02T01:45:12.749+0000][gc,heap      ] GC(1) Survivor regions: 7->1(7)
[2024-05-02T01:45:12.749+0000][gc,heap      ] GC(1) Old regions: 2->9
[2024-05-02T01:45:12.749+0000][gc,heap      ] GC(1) Humongous regions: 0->0
[2024-05-02T01:45:12.749+0000][gc,metaspace ] GC(1) Metaspace: 20645K->20645K(1067008K)
[2024-05-02T01:45:12.749+0000][gc           ] GC(1) Pause Young (Concurrent Start) (Metadata GC Threshold) 28M->8M(1024M) 68.547ms
[2024-05-02T01:45:12.749+0000][gc,cpu       ] GC(1) User=0.02s Sys=0.01s Real=0.06s
[2024-05-02T01:45:12.749+0000][gc           ] GC(2) Concurrent Cycle
[2024-05-02T01:45:12.749+0000][gc,marking   ] GC(2) Concurrent Clear Claimed Marks
[2024-05-02T01:45:12.749+0000][gc,marking   ] GC(2) Concurrent Clear Claimed Marks 0.065ms
[2024-05-02T01:45:12.749+0000][gc,marking   ] GC(2) Concurrent Scan Root Regions
[2024-05-02T01:45:12.757+0000][gc,marking   ] GC(2) Concurrent Scan Root Regions 7.729ms
[2024-05-02T01:45:12.757+0000][gc,marking   ] GC(2) Concurrent Mark (5.953s)
[2024-05-02T01:45:12.757+0000][gc,marking   ] GC(2) Concurrent Mark From Roots
[2024-05-02T01:45:12.757+0000][gc,task      ] GC(2) Using 1 workers of 1 for marking
[2024-05-02T01:45:12.810+0000][gc,marking   ] GC(2) Concurrent Mark From Roots 52.527ms
[2024-05-02T01:45:12.810+0000][gc,marking   ] GC(2) Concurrent Preclean
[2024-05-02T01:45:12.810+0000][gc,marking   ] GC(2) Concurrent Preclean 0.074ms
[2024-05-02T01:45:12.810+0000][gc,marking   ] GC(2) Concurrent Mark (5.953s, 6.005s) 52.650ms
[2024-05-02T01:45:12.810+0000][gc,start     ] GC(2) Pause Remark
[2024-05-02T01:45:12.818+0000][gc,stringtable] GC(2) Cleaned string and symbol table, strings: 5163 processed, 0 removed, symbols: 51356 processed, 59 removed
[2024-05-02T01:45:12.818+0000][gc            ] GC(2) Pause Remark 9M->9M(1024M) 8.290ms
[2024-05-02T01:45:12.818+0000][gc,cpu        ] GC(2) User=0.00s Sys=0.00s Real=0.01s
[2024-05-02T01:45:12.818+0000][gc,marking    ] GC(2) Concurrent Rebuild Remembered Sets
[2024-05-02T01:45:12.845+0000][gc,marking    ] GC(2) Concurrent Rebuild Remembered Sets 26.772ms
[2024-05-02T01:45:12.845+0000][gc,start      ] GC(2) Pause Cleanup
[2024-05-02T01:45:12.845+0000][gc            ] GC(2) Pause Cleanup 9M->9M(1024M) 0.219ms
[2024-05-02T01:45:12.845+0000][gc,cpu        ] GC(2) User=0.00s Sys=0.00s Real=0.00s
[2024-05-02T01:45:12.845+0000][gc,marking    ] GC(2) Concurrent Cleanup for Next Mark
[2024-05-02T01:45:12.952+0000][gc,marking    ] GC(2) Concurrent Cleanup for Next Mark 106.891ms
[2024-05-02T01:45:12.952+0000][gc            ] GC(2) Concurrent Cycle 203.004ms
[2024-05-02T01:45:15.838+0000][gc,start      ] GC(3) Pause Young (Normal) (G1 Evacuation Pause)
[2024-05-02T01:45:15.838+0000][gc,task       ] GC(3) Using 1 workers of 1 for evacuation
[2024-05-02T01:45:15.869+0000][gc,mmu        ] GC(3) MMU target violated: 21.0ms (20.0ms/21.0ms)
[2024-05-02T01:45:15.869+0000][gc,phases     ] GC(3)   Pre Evacuate Collection Set: 0.1ms
[2024-05-02T01:45:15.869+0000][gc,phases     ] GC(3)   Evacuate Collection Set: 29.9ms
[2024-05-02T01:45:15.869+0000][gc,phases     ] GC(3)   Post Evacuate Collection Set: 0.3ms
[2024-05-02T01:45:15.869+0000][gc,phases     ] GC(3)   Other: 0.2ms
[2024-05-02T01:45:15.869+0000][gc,heap       ] GC(3) Eden regions: 50->0(47)
[2024-05-02T01:45:15.869+0000][gc,heap       ] GC(3) Survivor regions: 1->4(7)
[2024-05-02T01:45:15.869+0000][gc,heap       ] GC(3) Old regions: 9->9
[2024-05-02T01:45:15.869+0000][gc,heap       ] GC(3) Humongous regions: 129->129
[2024-05-02T01:45:15.869+0000][gc,metaspace  ] GC(3) Metaspace: 29475K->29475K(1075200K)
[2024-05-02T01:45:15.869+0000][gc            ] GC(3) Pause Young (Normal) (G1 Evacuation Pause) 187M->140M(1024M) 30.526ms
[2024-05-02T01:45:15.869+0000][gc,cpu        ] GC(3) User=0.02s Sys=0.00s Real=0.03s
[2024-05-02T01:45:17.223+0000][gc,start      ] GC(4) Pause Young (Concurrent Start) (Metadata GC Threshold)
[2024-05-02T01:45:17.224+0000][gc,task       ] GC(4) Using 1 workers of 1 for evacuation
[2024-05-02T01:45:17.269+0000][gc,mmu        ] GC(4) MMU target violated: 21.0ms (20.0ms/21.0ms)
[2024-05-02T01:45:17.270+0000][gc,phases     ] GC(4)   Pre Evacuate Collection Set: 0.1ms
[2024-05-02T01:45:17.270+0000][gc,phases     ] GC(4)   Evacuate Collection Set: 45.2ms
[2024-05-02T01:45:17.270+0000][gc,phases     ] GC(4)   Post Evacuate Collection Set: 0.3ms
[2024-05-02T01:45:17.270+0000][gc,phases     ] GC(4)   Other: 0.5ms
[2024-05-02T01:45:17.270+0000][gc,heap       ] GC(4) Eden regions: 26->0(45)
[2024-05-02T01:45:17.270+0000][gc,heap       ] GC(4) Survivor regions: 4->6(7)
[2024-05-02T01:45:17.270+0000][gc,heap       ] GC(4) Old regions: 9->10
[2024-05-02T01:45:17.270+0000][gc,heap       ] GC(4) Humongous regions: 129->129
[2024-05-02T01:45:17.270+0000][gc,metaspace  ] GC(4) Metaspace: 34679K->34679K(1081344K)
[2024-05-02T01:45:17.270+0000][gc            ] GC(4) Pause Young (Concurrent Start) (Metadata GC Threshold) 165M->142M(1024M) 46.140ms
[2024-05-02T01:45:17.270+0000][gc,cpu        ] GC(4) User=0.02s Sys=0.00s Real=0.04s
[2024-05-02T01:45:17.270+0000][gc            ] GC(5) Concurrent Cycle
[2024-05-02T01:45:17.270+0000][gc,marking    ] GC(5) Concurrent Clear Claimed Marks
[2024-05-02T01:45:17.270+0000][gc,marking    ] GC(5) Concurrent Clear Claimed Marks 0.122ms
[2024-05-02T01:45:17.270+0000][gc,marking    ] GC(5) Concurrent Scan Root Regions
[2024-05-02T01:45:17.284+0000][gc,marking    ] GC(5) Concurrent Scan Root Regions 13.824ms
[2024-05-02T01:45:17.284+0000][gc,marking    ] GC(5) Concurrent Mark (10.479s)
[2024-05-02T01:45:17.284+0000][gc,marking    ] GC(5) Concurrent Mark From Roots
[2024-05-02T01:45:17.284+0000][gc,task       ] GC(5) Using 1 workers of 1 for marking
[2024-05-02T01:45:17.443+0000][gc,marking    ] GC(5) Concurrent Mark From Roots 159.295ms
[2024-05-02T01:45:17.443+0000][gc,marking    ] GC(5) Concurrent Preclean
[2024-05-02T01:45:17.443+0000][gc,marking    ] GC(5) Concurrent Preclean 0.063ms
[2024-05-02T01:45:17.443+0000][gc,marking    ] GC(5) Concurrent Mark (10.479s, 10.639s) 159.425ms
[2024-05-02T01:45:17.450+0000][gc,start      ] GC(5) Pause Remark
[2024-05-02T01:45:17.473+0000][gc,stringtable] GC(5) Cleaned string and symbol table, strings: 10469 processed, 12 removed, symbols: 84344 processed, 16 removed
[2024-05-02T01:45:17.473+0000][gc,mmu        ] GC(5) MMU target violated: 21.0ms (20.0ms/21.0ms)
[2024-05-02T01:45:17.473+0000][gc            ] GC(5) Pause Remark 146M->146M(1024M) 23.589ms
[2024-05-02T01:45:17.473+0000][gc,cpu        ] GC(5) User=0.02s Sys=0.00s Real=0.03s
[2024-05-02T01:45:17.475+0000][gc,marking    ] GC(5) Concurrent Rebuild Remembered Sets
[2024-05-02T01:45:17.562+0000][gc,marking    ] GC(5) Concurrent Rebuild Remembered Sets 87.132ms
[2024-05-02T01:45:17.562+0000][gc,start      ] GC(5) Pause Cleanup
[2024-05-02T01:45:17.562+0000][gc            ] GC(5) Pause Cleanup 147M->147M(1024M) 0.220ms
[2024-05-02T01:45:17.562+0000][gc,cpu        ] GC(5) User=0.00s Sys=0.00s Real=0.00s
[2024-05-02T01:45:17.579+0000][gc,marking    ] GC(5) Concurrent Cleanup for Next Mark
[2024-05-02T01:45:17.671+0000][gc,marking    ] GC(5) Concurrent Cleanup for Next Mark 91.308ms
[2024-05-02T01:45:17.671+0000][gc            ] GC(5) Concurrent Cycle 401.002ms
[2024-05-02T02:30:47.338+0000][gc,heap,exit  ] Heap
[2024-05-02T02:30:47.338+0000][gc,heap,exit  ]  garbage-first heap   total 1048576K, used 181576K [0x00000000c0000000, 0x0000000100000000)
[2024-05-02T02:30:47.338+0000][gc,heap,exit  ]   region size 1024K, 43 young (44032K), 6 survivors (6144K)
[2024-05-02T02:30:47.338+0000][gc,heap,exit  ]  Metaspace       used 37814K, capacity 39517K, committed 39804K, reserved 1083392K
[2024-05-02T02:30:47.338+0000][gc,heap,exit  ]   class space    used 4949K, capacity 5733K, committed 5756K, reserved 1048576K
