[2024-05-02T02:40:57.756+0000][gc,heap] Heap region size: 1M
[2024-05-02T02:40:57.769+0000][gc     ] Using G1
[2024-05-02T02:40:57.769+0000][gc,heap,coops] Heap address: 0x00000000c0000000, size: 1024 MB, Compressed Oops mode: 32-bit
[2024-05-02T02:40:57.769+0000][gc,cds       ] Mark closed archive regions in map: [0x00000000fff00000, 0x00000000fff6aff8]
[2024-05-02T02:40:57.769+0000][gc,cds       ] Mark open archive regions in map: [0x00000000ffe00000, 0x00000000ffe46ff8]
[2024-05-02T02:40:59.757+0000][gc,start     ] GC(0) Pause Young (Normal) (G1 Evacuation Pause)
[2024-05-02T02:40:59.757+0000][gc,task      ] GC(0) Using 1 workers of 1 for evacuation
[2024-05-02T02:40:59.784+0000][gc,mmu       ] GC(0) MMU target violated: 21.0ms (20.0ms/21.0ms)
[2024-05-02T02:40:59.784+0000][gc,phases    ] GC(0)   Pre Evacuate Collection Set: 0.0ms
[2024-05-02T02:40:59.784+0000][gc,phases    ] GC(0)   Evacuate Collection Set: 26.9ms
[2024-05-02T02:40:59.784+0000][gc,phases    ] GC(0)   Post Evacuate Collection Set: 0.4ms
[2024-05-02T02:40:59.784+0000][gc,phases    ] GC(0)   Other: 0.2ms
[2024-05-02T02:40:59.784+0000][gc,heap      ] GC(0) Eden regions: 51->0(44)
[2024-05-02T02:40:59.784+0000][gc,heap      ] GC(0) Survivor regions: 0->7(7)
[2024-05-02T02:40:59.784+0000][gc,heap      ] GC(0) Old regions: 2->2
[2024-05-02T02:40:59.784+0000][gc,heap      ] GC(0) Humongous regions: 0->0
[2024-05-02T02:40:59.784+0000][gc,metaspace ] GC(0) Metaspace: 15624K->15624K(1062912K)
[2024-05-02T02:40:59.784+0000][gc           ] GC(0) Pause Young (Normal) (G1 Evacuation Pause) 51M->7M(1024M) 27.633ms
[2024-05-02T02:40:59.784+0000][gc,cpu       ] GC(0) User=0.02s Sys=0.01s Real=0.03s
[2024-05-02T02:41:00.313+0000][gc,start     ] GC(1) Pause Young (Concurrent Start) (Metadata GC Threshold)
[2024-05-02T02:41:00.313+0000][gc,task      ] GC(1) Using 1 workers of 1 for evacuation
[2024-05-02T02:41:00.339+0000][gc,mmu       ] GC(1) MMU target violated: 21.0ms (20.0ms/21.0ms)
[2024-05-02T02:41:00.339+0000][gc,phases    ] GC(1)   Pre Evacuate Collection Set: 0.1ms
[2024-05-02T02:41:00.339+0000][gc,phases    ] GC(1)   Evacuate Collection Set: 25.6ms
[2024-05-02T02:41:00.339+0000][gc,phases    ] GC(1)   Post Evacuate Collection Set: 0.3ms
[2024-05-02T02:41:00.339+0000][gc,phases    ] GC(1)   Other: 0.3ms
[2024-05-02T02:41:00.339+0000][gc,heap      ] GC(1) Eden regions: 20->0(50)
[2024-05-02T02:41:00.339+0000][gc,heap      ] GC(1) Survivor regions: 7->1(7)
[2024-05-02T02:41:00.339+0000][gc,heap      ] GC(1) Old regions: 2->9
[2024-05-02T02:41:00.339+0000][gc,heap      ] GC(1) Humongous regions: 0->0
[2024-05-02T02:41:00.339+0000][gc,metaspace ] GC(1) Metaspace: 20584K->20584K(1067008K)
[2024-05-02T02:41:00.339+0000][gc           ] GC(1) Pause Young (Concurrent Start) (Metadata GC Threshold) 26M->8M(1024M) 26.315ms
[2024-05-02T02:41:00.339+0000][gc,cpu       ] GC(1) User=0.03s Sys=0.00s Real=0.02s
[2024-05-02T02:41:00.339+0000][gc           ] GC(2) Concurrent Cycle
[2024-05-02T02:41:00.339+0000][gc,marking   ] GC(2) Concurrent Clear Claimed Marks
[2024-05-02T02:41:00.339+0000][gc,marking   ] GC(2) Concurrent Clear Claimed Marks 0.066ms
[2024-05-02T02:41:00.339+0000][gc,marking   ] GC(2) Concurrent Scan Root Regions
[2024-05-02T02:41:00.344+0000][gc,marking   ] GC(2) Concurrent Scan Root Regions 5.073ms
[2024-05-02T02:41:00.344+0000][gc,marking   ] GC(2) Concurrent Mark (2.593s)
[2024-05-02T02:41:00.344+0000][gc,marking   ] GC(2) Concurrent Mark From Roots
[2024-05-02T02:41:00.344+0000][gc,task      ] GC(2) Using 1 workers of 1 for marking
[2024-05-02T02:41:00.374+0000][gc,marking   ] GC(2) Concurrent Mark From Roots 29.809ms
[2024-05-02T02:41:00.374+0000][gc,marking   ] GC(2) Concurrent Preclean
[2024-05-02T02:41:00.374+0000][gc,marking   ] GC(2) Concurrent Preclean 0.075ms
[2024-05-02T02:41:00.374+0000][gc,marking   ] GC(2) Concurrent Mark (2.593s, 2.622s) 29.936ms
[2024-05-02T02:41:00.374+0000][gc,start     ] GC(2) Pause Remark
[2024-05-02T02:41:00.379+0000][gc,stringtable] GC(2) Cleaned string and symbol table, strings: 5067 processed, 0 removed, symbols: 50841 processed, 57 removed
[2024-05-02T02:41:00.379+0000][gc            ] GC(2) Pause Remark 8M->8M(1024M) 4.649ms
[2024-05-02T02:41:00.379+0000][gc,cpu        ] GC(2) User=0.00s Sys=0.00s Real=0.00s
[2024-05-02T02:41:00.379+0000][gc,marking    ] GC(2) Concurrent Rebuild Remembered Sets
[2024-05-02T02:41:00.384+0000][gc,marking    ] GC(2) Concurrent Rebuild Remembered Sets 5.027ms
[2024-05-02T02:41:00.384+0000][gc,start      ] GC(2) Pause Cleanup
[2024-05-02T02:41:00.384+0000][gc            ] GC(2) Pause Cleanup 8M->8M(1024M) 0.240ms
[2024-05-02T02:41:00.384+0000][gc,cpu        ] GC(2) User=0.00s Sys=0.00s Real=0.00s
[2024-05-02T02:41:00.384+0000][gc,marking    ] GC(2) Concurrent Cleanup for Next Mark
[2024-05-02T02:41:00.434+0000][gc,marking    ] GC(2) Concurrent Cleanup for Next Mark 49.352ms
[2024-05-02T02:41:00.434+0000][gc            ] GC(2) Concurrent Cycle 94.737ms
[2024-05-02T02:41:01.835+0000][gc,start      ] GC(3) Pause Young (Normal) (G1 Evacuation Pause)
[2024-05-02T02:41:01.836+0000][gc,task       ] GC(3) Using 1 workers of 1 for evacuation
[2024-05-02T02:41:01.850+0000][gc,phases     ] GC(3)   Pre Evacuate Collection Set: 0.0ms
[2024-05-02T02:41:01.850+0000][gc,phases     ] GC(3)   Evacuate Collection Set: 13.8ms
[2024-05-02T02:41:01.850+0000][gc,phases     ] GC(3)   Post Evacuate Collection Set: 0.3ms
[2024-05-02T02:41:01.850+0000][gc,phases     ] GC(3)   Other: 0.2ms
[2024-05-02T02:41:01.850+0000][gc,heap       ] GC(3) Eden regions: 50->0(46)
[2024-05-02T02:41:01.850+0000][gc,heap       ] GC(3) Survivor regions: 1->5(7)
[2024-05-02T02:41:01.850+0000][gc,heap       ] GC(3) Old regions: 9->9
[2024-05-02T02:41:01.850+0000][gc,heap       ] GC(3) Humongous regions: 129->129
[2024-05-02T02:41:01.850+0000][gc,metaspace  ] GC(3) Metaspace: 29448K->29448K(1075200K)
[2024-05-02T02:41:01.850+0000][gc            ] GC(3) Pause Young (Normal) (G1 Evacuation Pause) 187M->140M(1024M) 14.439ms
[2024-05-02T02:41:01.850+0000][gc,cpu        ] GC(3) User=0.01s Sys=0.00s Real=0.01s
[2024-05-02T02:41:02.465+0000][gc,start      ] GC(4) Pause Young (Concurrent Start) (Metadata GC Threshold)
[2024-05-02T02:41:02.465+0000][gc,task       ] GC(4) Using 1 workers of 1 for evacuation
[2024-05-02T02:41:02.487+0000][gc,mmu        ] GC(4) MMU target violated: 21.0ms (20.0ms/21.0ms)
[2024-05-02T02:41:02.487+0000][gc,phases     ] GC(4)   Pre Evacuate Collection Set: 0.1ms
[2024-05-02T02:41:02.487+0000][gc,phases     ] GC(4)   Evacuate Collection Set: 20.5ms
[2024-05-02T02:41:02.487+0000][gc,phases     ] GC(4)   Post Evacuate Collection Set: 0.3ms
[2024-05-02T02:41:02.487+0000][gc,phases     ] GC(4)   Other: 0.3ms
[2024-05-02T02:41:02.487+0000][gc,heap       ] GC(4) Eden regions: 25->0(46)
[2024-05-02T02:41:02.487+0000][gc,heap       ] GC(4) Survivor regions: 5->5(7)
[2024-05-02T02:41:02.487+0000][gc,heap       ] GC(4) Old regions: 9->9
[2024-05-02T02:41:02.487+0000][gc,heap       ] GC(4) Humongous regions: 129->129
[2024-05-02T02:41:02.487+0000][gc,metaspace  ] GC(4) Metaspace: 34593K->34593K(1081344K)
[2024-05-02T02:41:02.487+0000][gc            ] GC(4) Pause Young (Concurrent Start) (Metadata GC Threshold) 164M->141M(1024M) 21.261ms
[2024-05-02T02:41:02.487+0000][gc,cpu        ] GC(4) User=0.02s Sys=0.00s Real=0.02s
[2024-05-02T02:41:02.487+0000][gc            ] GC(5) Concurrent Cycle
[2024-05-02T02:41:02.487+0000][gc,marking    ] GC(5) Concurrent Clear Claimed Marks
[2024-05-02T02:41:02.487+0000][gc,marking    ] GC(5) Concurrent Clear Claimed Marks 0.099ms
[2024-05-02T02:41:02.487+0000][gc,marking    ] GC(5) Concurrent Scan Root Regions
[2024-05-02T02:41:02.492+0000][gc,marking    ] GC(5) Concurrent Scan Root Regions 5.372ms
[2024-05-02T02:41:02.492+0000][gc,marking    ] GC(5) Concurrent Mark (4.740s)
[2024-05-02T02:41:02.492+0000][gc,marking    ] GC(5) Concurrent Mark From Roots
[2024-05-02T02:41:02.492+0000][gc,task       ] GC(5) Using 1 workers of 1 for marking
[2024-05-02T02:41:02.577+0000][gc,marking    ] GC(5) Concurrent Mark From Roots 84.623ms
[2024-05-02T02:41:02.577+0000][gc,marking    ] GC(5) Concurrent Preclean
[2024-05-02T02:41:02.577+0000][gc,marking    ] GC(5) Concurrent Preclean 0.063ms
[2024-05-02T02:41:02.577+0000][gc,marking    ] GC(5) Concurrent Mark (4.740s, 4.825s) 84.745ms
[2024-05-02T02:41:02.577+0000][gc,start      ] GC(5) Pause Remark
[2024-05-02T02:41:02.584+0000][gc,stringtable] GC(5) Cleaned string and symbol table, strings: 10560 processed, 11 removed, symbols: 84262 processed, 17 removed
[2024-05-02T02:41:02.585+0000][gc            ] GC(5) Pause Remark 145M->145M(1024M) 7.389ms
[2024-05-02T02:41:02.585+0000][gc,cpu        ] GC(5) User=0.01s Sys=0.00s Real=0.01s
[2024-05-02T02:41:02.585+0000][gc,marking    ] GC(5) Concurrent Rebuild Remembered Sets
[2024-05-02T02:41:02.599+0000][gc,marking    ] GC(5) Concurrent Rebuild Remembered Sets 14.573ms
[2024-05-02T02:41:02.601+0000][gc,start      ] GC(5) Pause Cleanup
[2024-05-02T02:41:02.601+0000][gc            ] GC(5) Pause Cleanup 145M->145M(1024M) 0.255ms
[2024-05-02T02:41:02.601+0000][gc,cpu        ] GC(5) User=0.00s Sys=0.00s Real=0.00s
[2024-05-02T02:41:02.601+0000][gc,marking    ] GC(5) Concurrent Cleanup for Next Mark
[2024-05-02T02:41:02.654+0000][gc,marking    ] GC(5) Concurrent Cleanup for Next Mark 52.348ms
[2024-05-02T02:41:02.654+0000][gc            ] GC(5) Concurrent Cycle 167.063ms
[2024-05-02T02:59:19.697+0000][gc,heap,exit  ] Heap
[2024-05-02T02:59:19.697+0000][gc,heap,exit  ]  garbage-first heap   total 1048576K, used 170619K [0x00000000c0000000, 0x0000000100000000)
[2024-05-02T02:59:19.697+0000][gc,heap,exit  ]   region size 1024K, 32 young (32768K), 5 survivors (5120K)
[2024-05-02T02:59:19.697+0000][gc,heap,exit  ]  Metaspace       used 37592K, capacity 39227K, committed 39376K, reserved 1083392K
[2024-05-02T02:59:19.697+0000][gc,heap,exit  ]   class space    used 4938K, capacity 5726K, committed 5840K, reserved 1048576K
