[2024-05-02T03:08:45.600+0000][gc,heap] Heap region size: 1M
[2024-05-02T03:08:45.607+0000][gc     ] Using G1
[2024-05-02T03:08:45.608+0000][gc,heap,coops] Heap address: 0x00000000e0000000, size: 512 MB, Compressed Oops mode: 32-bit
[2024-05-02T03:08:45.608+0000][gc,cds       ] Mark closed archive regions in map: [0x00000000fff00000, 0x00000000fff6aff8]
[2024-05-02T03:08:45.608+0000][gc,cds       ] Mark open archive regions in map: [0x00000000ffe00000, 0x00000000ffe46ff8]
[2024-05-02T03:08:46.836+0000][gc,heap,exit ] Heap
[2024-05-02T03:08:46.836+0000][gc,heap,exit ]  garbage-first heap   total 524288K, used 23240K [0x00000000e0000000, 0x0000000100000000)
[2024-05-02T03:08:46.836+0000][gc,heap,exit ]   region size 1024K, 23 young (23552K), 0 survivors (0K)
[2024-05-02T03:08:46.836+0000][gc,heap,exit ]  Metaspace       used 7271K, capacity 7599K, committed 7936K, reserved 1056768K
[2024-05-02T03:08:46.836+0000][gc,heap,exit ]   class space    used 817K, capacity 924K, committed 1024K, reserved 1048576K
